Archive member included to satisfy reference by file (symbol)

D:/arm-none-eabi-gcc/bin/../lib/gcc/arm-none-eabi/14.2.1/thumb/v7-m/nofp\libc_nano.a(libc_a-exit.o)
                              D:/arm-none-eabi-gcc/bin/../lib/gcc/arm-none-eabi/14.2.1/thumb/v7-m/nofp/crt0.o (exit)
D:/arm-none-eabi-gcc/bin/../lib/gcc/arm-none-eabi/14.2.1/thumb/v7-m/nofp\libc_nano.a(libc_a-findfp.o)
                              D:/arm-none-eabi-gcc/bin/../lib/gcc/arm-none-eabi/14.2.1/thumb/v7-m/nofp\libc_nano.a(libc_a-exit.o) (__stdio_exit_handler)
D:/arm-none-eabi-gcc/bin/../lib/gcc/arm-none-eabi/14.2.1/thumb/v7-m/nofp\libc_nano.a(libc_a-fwalk.o)
                              D:/arm-none-eabi-gcc/bin/../lib/gcc/arm-none-eabi/14.2.1/thumb/v7-m/nofp\libc_nano.a(libc_a-findfp.o) (_fwalk_sglue)
D:/arm-none-eabi-gcc/bin/../lib/gcc/arm-none-eabi/14.2.1/thumb/v7-m/nofp\libc_nano.a(libc_a-sprintf.o)
                              build/main.o (sprintf)
D:/arm-none-eabi-gcc/bin/../lib/gcc/arm-none-eabi/14.2.1/thumb/v7-m/nofp\libc_nano.a(libc_a-stdio.o)
                              D:/arm-none-eabi-gcc/bin/../lib/gcc/arm-none-eabi/14.2.1/thumb/v7-m/nofp\libc_nano.a(libc_a-findfp.o) (__sread)
D:/arm-none-eabi-gcc/bin/../lib/gcc/arm-none-eabi/14.2.1/thumb/v7-m/nofp\libc_nano.a(libc_a-memset.o)
                              D:/arm-none-eabi-gcc/bin/../lib/gcc/arm-none-eabi/14.2.1/thumb/v7-m/nofp/crt0.o (memset)
D:/arm-none-eabi-gcc/bin/../lib/gcc/arm-none-eabi/14.2.1/thumb/v7-m/nofp\libc_nano.a(libc_a-closer.o)
                              D:/arm-none-eabi-gcc/bin/../lib/gcc/arm-none-eabi/14.2.1/thumb/v7-m/nofp\libc_nano.a(libc_a-stdio.o) (_close_r)
D:/arm-none-eabi-gcc/bin/../lib/gcc/arm-none-eabi/14.2.1/thumb/v7-m/nofp\libc_nano.a(libc_a-reent.o)
                              D:/arm-none-eabi-gcc/bin/../lib/gcc/arm-none-eabi/14.2.1/thumb/v7-m/nofp\libc_nano.a(libc_a-closer.o) (errno)
D:/arm-none-eabi-gcc/bin/../lib/gcc/arm-none-eabi/14.2.1/thumb/v7-m/nofp\libc_nano.a(libc_a-impure.o)
                              D:/arm-none-eabi-gcc/bin/../lib/gcc/arm-none-eabi/14.2.1/thumb/v7-m/nofp\libc_nano.a(libc_a-sprintf.o) (_impure_ptr)
D:/arm-none-eabi-gcc/bin/../lib/gcc/arm-none-eabi/14.2.1/thumb/v7-m/nofp\libc_nano.a(libc_a-lseekr.o)
                              D:/arm-none-eabi-gcc/bin/../lib/gcc/arm-none-eabi/14.2.1/thumb/v7-m/nofp\libc_nano.a(libc_a-stdio.o) (_lseek_r)
D:/arm-none-eabi-gcc/bin/../lib/gcc/arm-none-eabi/14.2.1/thumb/v7-m/nofp\libc_nano.a(libc_a-readr.o)
                              D:/arm-none-eabi-gcc/bin/../lib/gcc/arm-none-eabi/14.2.1/thumb/v7-m/nofp\libc_nano.a(libc_a-stdio.o) (_read_r)
D:/arm-none-eabi-gcc/bin/../lib/gcc/arm-none-eabi/14.2.1/thumb/v7-m/nofp\libc_nano.a(libc_a-writer.o)
                              D:/arm-none-eabi-gcc/bin/../lib/gcc/arm-none-eabi/14.2.1/thumb/v7-m/nofp\libc_nano.a(libc_a-stdio.o) (_write_r)
D:/arm-none-eabi-gcc/bin/../lib/gcc/arm-none-eabi/14.2.1/thumb/v7-m/nofp\libc_nano.a(libc_a-init.o)
                              D:/arm-none-eabi-gcc/bin/../lib/gcc/arm-none-eabi/14.2.1/thumb/v7-m/nofp/crt0.o (__libc_init_array)
D:/arm-none-eabi-gcc/bin/../lib/gcc/arm-none-eabi/14.2.1/thumb/v7-m/nofp\libc_nano.a(libc_a-lock.o)
                              D:/arm-none-eabi-gcc/bin/../lib/gcc/arm-none-eabi/14.2.1/thumb/v7-m/nofp\libc_nano.a(libc_a-findfp.o) (__retarget_lock_init_recursive)
D:/arm-none-eabi-gcc/bin/../lib/gcc/arm-none-eabi/14.2.1/thumb/v7-m/nofp\libc_nano.a(libc_a-freer.o)
                              D:/arm-none-eabi-gcc/bin/../lib/gcc/arm-none-eabi/14.2.1/thumb/v7-m/nofp\libc_nano.a(libc_a-reent.o) (_free_r)
D:/arm-none-eabi-gcc/bin/../lib/gcc/arm-none-eabi/14.2.1/thumb/v7-m/nofp\libc_nano.a(libc_a-mallocr.o)
                              D:/arm-none-eabi-gcc/bin/../lib/gcc/arm-none-eabi/14.2.1/thumb/v7-m/nofp\libc_nano.a(libc_a-findfp.o) (_malloc_r)
D:/arm-none-eabi-gcc/bin/../lib/gcc/arm-none-eabi/14.2.1/thumb/v7-m/nofp\libc_nano.a(libc_a-mlock.o)
                              D:/arm-none-eabi-gcc/bin/../lib/gcc/arm-none-eabi/14.2.1/thumb/v7-m/nofp\libc_nano.a(libc_a-freer.o) (__malloc_lock)
D:/arm-none-eabi-gcc/bin/../lib/gcc/arm-none-eabi/14.2.1/thumb/v7-m/nofp\libc_nano.a(libc_a-nano-svfprintf.o)
                              D:/arm-none-eabi-gcc/bin/../lib/gcc/arm-none-eabi/14.2.1/thumb/v7-m/nofp\libc_nano.a(libc_a-sprintf.o) (_svfprintf_r)
D:/arm-none-eabi-gcc/bin/../lib/gcc/arm-none-eabi/14.2.1/thumb/v7-m/nofp\libc_nano.a(libc_a-nano-vfprintf_i.o)
                              D:/arm-none-eabi-gcc/bin/../lib/gcc/arm-none-eabi/14.2.1/thumb/v7-m/nofp\libc_nano.a(libc_a-nano-svfprintf.o) (_printf_i)
D:/arm-none-eabi-gcc/bin/../lib/gcc/arm-none-eabi/14.2.1/thumb/v7-m/nofp\libc_nano.a(libc_a-fflush.o)
                              D:/arm-none-eabi-gcc/bin/../lib/gcc/arm-none-eabi/14.2.1/thumb/v7-m/nofp\libc_nano.a(libc_a-findfp.o) (_fflush_r)
D:/arm-none-eabi-gcc/bin/../lib/gcc/arm-none-eabi/14.2.1/thumb/v7-m/nofp\libc_nano.a(libc_a-memmove.o)
[...]
Memory Configuration

Name             Origin             Length             Attributes
RAM              0x20000000         0x00010000         xrw
FLASH            0x08000000         0x00080000         xr
*default*        0x00000000         0xffffffff

Linker script and memory map

LOAD D:/arm-none-eabi-gcc/bin/../lib/gcc/arm-none-eabi/14.2.1/thumb/v7-m/nofp/crti.o
LOAD D:/arm-none-eabi-gcc/bin/../lib/gcc/arm-none-eabi/14.2.1/thumb/v7-m/nofp/crtbegin.o
LOAD D:/arm-none-eabi-gcc/bin/../lib/gcc/arm-none-eabi/14.2.1/thumb/v7-m/nofp/crt0.o
LOAD build/main.o
LOAD build/gpio.o
LOAD build/stm32f1xx_it.o
LOAD build/stm32f1xx_hal_msp.o
LOAD build/stm32f1xx_hal_gpio_ex.o
LOAD build/stm32f1xx_hal.o
LOAD build/stm32f1xx_hal_rcc.o
LOAD build/stm32f1xx_hal_rcc_ex.o
LOAD build/stm32f1xx_hal_gpio.o
LOAD build/stm32f1xx_hal_dma.o
LOAD build/stm32f1xx_hal_cortex.o
LOAD build/stm32f1xx_hal_pwr.o
LOAD build/stm32f1xx_hal_flash.o
LOAD build/stm32f1xx_hal_flash_ex.o
LOAD build/stm32f1xx_hal_exti.o
LOAD build/system_stm32f1xx.o
LOAD build/tim.o
LOAD build/usart.o
LOAD build/stm32f1xx_hal_tim.o
LOAD build/stm32f1xx_hal_tim_ex.o
LOAD build/stm32f1xx_hal_uart.o
LOAD build/PID.o
LOAD build/bsp_OLED.o
LOAD build/Encoder.o
LOAD build/KEY.o
LOAD build/Motor.o
LOAD build/startup_stm32f103xe.o
LOAD D:/arm-none-eabi-gcc/bin/../lib/gcc/arm-none-eabi/14.2.1/thumb/v7-m/nofp\libc_nano.a
LOAD D:/arm-none-eabi-gcc/bin/../lib/gcc/arm-none-eabi/14.2.1/thumb/v7-m/nofp\libm.a
LOAD D:/arm-none-eabi-gcc/bin/../lib/gcc/arm-none-eabi/14.2.1/thumb/v7-m/nofp\libnosys.a
START GROUP
LOAD D:/arm-none-eabi-gcc/bin/../lib/gcc/arm-none-eabi/14.2.1/thumb/v7-m/nofp\libgcc.a
LOAD D:/arm-none-eabi-gcc/bin/../lib/gcc/arm-none-eabi/14.2.1/thumb/v7-m/nofp\libc_nano.a
END GROUP
START GROUP
LOAD D:/arm-none-eabi-gcc/bin/../lib/gcc/arm-none-eabi/14.2.1/thumb/v7-m/nofp\libgcc.a
LOAD D:/arm-none-eabi-gcc/bin/../lib/gcc/arm-none-eabi/14.2.1/thumb/v7-m/nofp\libc_nano.a
END GROUP
LOAD D:/arm-none-eabi-gcc/bin/../lib/gcc/arm-none-eabi/14.2.1/thumb/v7-m/nofp/crtend.o
LOAD D:/arm-none-eabi-gcc/bin/../lib/gcc/arm-none-eabi/14.2.1/thumb/v7-m/nofp/crtn.o
                0x20010000                        _estack = (ORIGIN (RAM) + LENGTH (RAM))
                0x00000200                        _Min_Heap_Size = 0x200
                0x00000400                        _Min_Stack_Size = 0x400

.isr_vector     0x08000000      0x1e4
                0x08000000                        . = ALIGN (0x4)
 *(.isr_vector)
 .isr_vector    0x08000000      0x1e4 build/startup_stm32f103xe.o
                0x08000000                g_pfnVectors
                0x080001e4                        . = ALIGN (0x4)

.text           0x080001e4     0x4120
                0x080001e4                        . = ALIGN (0x4)
 *(.text)
 .text          0x080001e4      0x378 D:/arm-none-eabi-gcc/bin/../lib/gcc/arm-none-eabi/14.2.1/thumb/v7-m/nofp\libgcc.a(_arm_addsubdf3.o)
                0x080001e4                __aeabi_drsub
                0x080001ec                __aeabi_dsub
                0x080001ec                __subdf3
                0x080001f0                __aeabi_dadd
                0x080001f0                __adddf3
                0x08000468                __floatunsidf
                0x08000468                __aeabi_ui2d
                0x08000488                __floatsidf
                0x08000488                __aeabi_i2d
                0x080004ac                __aeabi_f2d
                0x080004ac                __extendsfdf2
                0x080004f0                __floatundidf
                0x080004f0                __aeabi_ul2d
                0x08000500                __floatdidf
                0x08000500                __aeabi_l2d
 .text          0x0800055c      0x21c D:/arm-none-eabi-gcc/bin/../lib/gcc/arm-none-eabi/14.2.1/thumb/v7-m/nofp\libgcc.a(_arm_addsubsf3.o)
                0x0800055c                __aeabi_frsub
                0x08000564                __subsf3
                0x08000564                __aeabi_fsub
                0x08000568                __aeabi_fadd
                0x08000568                __addsf3
                0x080006c8                __aeabi_ui2f
                0x080006c8                __floatunsisf
                0x080006d0                __aeabi_i2f
                0x080006d0                __floatsisf
                0x080006ec                __aeabi_ul2f
                0x080006ec                __floatundisf
                0x080006fc                __aeabi_l2f
                0x080006fc                __floatdisf
 .text          0x08000778      0x2a0 D:/arm-none-eabi-gcc/bin/../lib/gcc/arm-none-eabi/14.2.1/thumb/v7-m/nofp\libgcc.a(_arm_muldivsf3.o)
                0x08000778                __mulsf3
                0x08000778                __aeabi_fmul
                0x080008e0                __aeabi_fdiv
                0x080008e0                __divsf3
 .text          0x08000a18       0xec D:/arm-none-eabi-gcc/bin/../lib/gcc/arm-none-eabi/14.2.1/thumb/v7-m/nofp\libgcc.a(_arm_cmpsf2.o)
                0x08000a18                __gesf2
                0x08000a18                __gtsf2
                0x08000a20                __lesf2
                0x08000a20                __ltsf2
                0x08000a28                __nesf2
                0x08000a28                __eqsf2
                0x08000a28                __cmpsf2
                0x08000a88                __aeabi_cfrcmple
                0x08000a90                __aeabi_cfcmpeq
                0x08000a90                __aeabi_cfcmple
                0x08000aa0                __aeabi_fcmpeq
                0x08000ab4                __aeabi_fcmplt
                0x08000ac8                __aeabi_fcmple
                0x08000adc                __aeabi_fcmpge
                0x08000af0                __aeabi_fcmpgt
 .text          0x08000b04       0x40 D:/arm-none-eabi-gcc/bin/../lib/gcc/arm-none-eabi/14.2.1/thumb/v7-m/nofp\libgcc.a(_arm_fixunssfsi.o)
                0x08000b04                __fixunssfsi
                0x08000b04                __aeabi_f2uiz
 *(.text*)
 .text.deregister_tm_clones
                0x08000b44       0x1c D:/arm-none-eabi-gcc/bin/../lib/gcc/arm-none-eabi/14.2.1/thumb/v7-m/nofp/crtbegin.o
 .text.register_tm_clones
                0x08000b60       0x24 D:/arm-none-eabi-gcc/bin/../lib/gcc/arm-none-eabi/14.2.1/thumb/v7-m/nofp/crtbegin.o
 .text.__do_global_dtors_aux
                0x08000b84       0x28 D:/arm-none-eabi-gcc/bin/../lib/gcc/arm-none-eabi/14.2.1/thumb/v7-m/nofp/crtbegin.o
 .text.frame_dummy
                0x08000bac       0x24 D:/arm-none-eabi-gcc/bin/../lib/gcc/arm-none-eabi/14.2.1/thumb/v7-m/nofp/crtbegin.o
 .text.HAL_UART_RxCpltCallback
                0x08000bd0       0x60 build/main.o
                0x08000bd0                HAL_UART_RxCpltCallback
 .text.Error_Handler
                0x08000c30        0x4 build/main.o
                0x08000c30                Error_Handler
 .text.SystemClock_Config
                0x08000c34       0x64 build/main.o
                0x08000c34                SystemClock_Config
 .text.main     0x08000c98       0xf8 build/main.o
                0x08000c98                main
 .text.MX_GPIO_Init
                0x08000d90      0x138 build/gpio.o
                0x08000d90                MX_GPIO_Init
 .text.NMI_Handler
                0x08000ec8        0x2 build/stm32f1xx_it.o
                0x08000ec8                NMI_Handler
 .text.HardFault_Handler
                0x08000eca        0x2 build/stm32f1xx_it.o
                0x08000eca                HardFault_Handler
 .text.MemManage_Handler
                0x08000ecc        0x2 build/stm32f1xx_it.o
                0x08000ecc                MemManage_Handler
 .text.BusFault_Handler
                0x08000ece        0x2 build/stm32f1xx_it.o
                0x08000ece                BusFault_Handler
 .text.UsageFault_Handler
                0x08000ed0        0x2 build/stm32f1xx_it.o
                0x08000ed0                UsageFault_Handler
 .text.SVC_Handler
                0x08000ed2        0x2 build/stm32f1xx_it.o
                0x08000ed2                SVC_Handler
 .text.DebugMon_Handler
                0x08000ed4        0x2 build/stm32f1xx_it.o
                0x08000ed4                DebugMon_Handler
 .text.PendSV_Handler
                0x08000ed6        0x2 build/stm32f1xx_it.o
                0x08000ed6                PendSV_Handler
 .text.SysTick_Handler
                0x08000ed8        0x8 build/stm32f1xx_it.o
                0x08000ed8                SysTick_Handler
 .text.USART1_IRQHandler
                0x08000ee0       0x10 build/stm32f1xx_it.o
                0x08000ee0                USART1_IRQHandler
 .text.USART2_IRQHandler
                0x08000ef0       0x10 build/stm32f1xx_it.o
                0x08000ef0                USART2_IRQHandler
 .text.HAL_MspInit
                0x08000f00       0x44 build/stm32f1xx_hal_msp.o
                0x08000f00                HAL_MspInit
 .text.HAL_InitTick
                0x08000f44       0x4c build/stm32f1xx_hal.o
                0x08000f44                HAL_InitTick
 .text.HAL_Init
                0x08000f90       0x24 build/stm32f1xx_hal.o
                0x08000f90                HAL_Init
 .text.HAL_IncTick
                0x08000fb4       0x18 build/stm32f1xx_hal.o
                0x08000fb4                HAL_IncTick
 .text.HAL_GetTick
                0x08000fcc        0xc build/stm32f1xx_hal.o
                0x08000fcc                HAL_GetTick
 .text.HAL_Delay
                0x08000fd8       0x28 build/stm32f1xx_hal.o
                0x08000fd8                HAL_Delay
 .text.RCC_Delay
                0x08001000       0x2c build/stm32f1xx_hal_rcc.o
 .text.HAL_RCC_OscConfig
                0x0800102c      0x410 build/stm32f1xx_hal_rcc.o
                0x0800102c                HAL_RCC_OscConfig
 .text.HAL_RCC_GetSysClockFreq
                0x0800143c       0x54 build/stm32f1xx_hal_rcc.o
                0x0800143c                HAL_RCC_GetSysClockFreq
 .text.HAL_RCC_ClockConfig
                0x08001490      0x16c build/stm32f1xx_hal_rcc.o
                0x08001490                HAL_RCC_ClockConfig
 .text.HAL_RCC_GetHCLKFreq
                0x080015fc        0xc build/stm32f1xx_hal_rcc.o
                0x080015fc                HAL_RCC_GetHCLKFreq
 .text.HAL_RCC_GetPCLK1Freq
                0x08001608       0x20 build/stm32f1xx_hal_rcc.o
                0x08001608                HAL_RCC_GetPCLK1Freq
 .text.HAL_RCC_GetPCLK2Freq
                0x08001628       0x20 build/stm32f1xx_hal_rcc.o
                0x08001628                HAL_RCC_GetPCLK2Freq
 .text.HAL_GPIO_Init
                0x08001648      0x230 build/stm32f1xx_hal_gpio.o
                0x08001648                HAL_GPIO_Init
 .text.HAL_GPIO_WritePin
                0x08001878        0xc build/stm32f1xx_hal_gpio.o
                0x08001878                HAL_GPIO_WritePin
 .text.HAL_DMA_Abort
                0x08001884       0x44 build/stm32f1xx_hal_dma.o
                0x08001884                HAL_DMA_Abort
 .text.HAL_DMA_Abort_IT
                0x080018c8      0x168 build/stm32f1xx_hal_dma.o
                0x080018c8                HAL_DMA_Abort_IT
 .text.__NVIC_SetPriority
                0x08001a30       0x28 build/stm32f1xx_hal_cortex.o
 .text.NVIC_EncodePriority
                0x08001a58       0x3e build/stm32f1xx_hal_cortex.o
 *fill*         0x08001a96        0x2 
 .text.HAL_NVIC_SetPriorityGrouping
                0x08001a98       0x24 build/stm32f1xx_hal_cortex.o
                0x08001a98                HAL_NVIC_SetPriorityGrouping
 .text.HAL_NVIC_SetPriority
                0x08001abc       0x20 build/stm32f1xx_hal_cortex.o
                0x08001abc                HAL_NVIC_SetPriority
 .text.HAL_NVIC_EnableIRQ
                0x08001adc       0x1c build/stm32f1xx_hal_cortex.o
                0x08001adc                HAL_NVIC_EnableIRQ
 .text.HAL_SYSTICK_Config
                0x08001af8       0x28 build/stm32f1xx_hal_cortex.o
                0x08001af8                HAL_SYSTICK_Config
 .text.SystemInit
                0x08001b20        0x2 build/system_stm32f1xx.o
                0x08001b20                SystemInit
 *fill*         0x08001b22        0x2 
 .text.MX_TIM1_Init
                0x08001b24       0x68 build/tim.o
                0x08001b24                MX_TIM1_Init
 .text.MX_TIM3_Init
                0x08001b8c       0x64 build/tim.o
                0x08001b8c                MX_TIM3_Init
 .text.MX_TIM4_Init
                0x08001bf0       0x64 build/tim.o
                0x08001bf0                MX_TIM4_Init
 .text.MX_TIM5_Init
                0x08001c54       0x64 build/tim.o
                0x08001c54                MX_TIM5_Init
 .text.HAL_TIM_Encoder_MspInit
                0x08001cb8      0x144 build/tim.o
                0x08001cb8                HAL_TIM_Encoder_MspInit
 .text.HAL_TIM_Base_MspInit
                0x08001dfc       0x2c build/tim.o
                0x08001dfc                HAL_TIM_Base_MspInit
 .text.HAL_TIM_MspPostInit
                0x08001e28       0x50 build/tim.o
                0x08001e28                HAL_TIM_MspPostInit
 .text.MX_TIM8_Init
                0x08001e78      0x120 build/tim.o
                0x08001e78                MX_TIM8_Init
 .text.MX_USART1_UART_Init
                0x08001f98       0x34 build/usart.o
                0x08001f98                MX_USART1_UART_Init
 .text.MX_USART2_UART_Init
                0x08001fcc       0x34 build/usart.o
                0x08001fcc                MX_USART2_UART_Init
 .text.HAL_UART_MspInit
                0x08002000       0xf8 build/usart.o
                0x08002000                HAL_UART_MspInit
 .text.TIM_OC1_SetConfig
                0x080020f8       0x70 build/stm32f1xx_hal_tim.o
 .text.TIM_OC3_SetConfig
                0x08002168       0x70 build/stm32f1xx_hal_tim.o
 .text.TIM_OC4_SetConfig
                0x080021d8       0x50 build/stm32f1xx_hal_tim.o
 .text.TIM_TI1_ConfigInputStage
                0x08002228       0x24 build/stm32f1xx_hal_tim.o
 .text.TIM_TI2_ConfigInputStage
                0x0800224c       0x26 build/stm32f1xx_hal_tim.o
 .text.TIM_ITRx_SetConfig
                0x08002272       0x10 build/stm32f1xx_hal_tim.o
 .text.HAL_TIM_PWM_MspInit
                0x08002282        0x2 build/stm32f1xx_hal_tim.o
                0x08002282                HAL_TIM_PWM_MspInit
 .text.TIM_Base_SetConfig
                0x08002284       0xa8 build/stm32f1xx_hal_tim.o
                0x08002284                TIM_Base_SetConfig
 .text.HAL_TIM_Base_Init
                0x0800232c       0x58 build/stm32f1xx_hal_tim.o
                0x0800232c                HAL_TIM_Base_Init
 .text.HAL_TIM_PWM_Init
                0x08002384       0x58 build/stm32f1xx_hal_tim.o
                0x08002384                HAL_TIM_PWM_Init
 .text.HAL_TIM_Encoder_Init
                0x080023dc       0xb6 build/stm32f1xx_hal_tim.o
                0x080023dc                HAL_TIM_Encoder_Init
 *fill*         0x08002492        0x2 
 .text.TIM_OC2_SetConfig
                0x08002494       0x70 build/stm32f1xx_hal_tim.o
                0x08002494                TIM_OC2_SetConfig
 .text.HAL_TIM_PWM_ConfigChannel
                0x08002504       0xdc build/stm32f1xx_hal_tim.o
                0x08002504                HAL_TIM_PWM_ConfigChannel
 .text.TIM_ETR_SetConfig
                0x080025e0       0x18 build/stm32f1xx_hal_tim.o
                0x080025e0                TIM_ETR_SetConfig
 .text.HAL_TIM_ConfigClockSource
                0x080025f8       0xfe build/stm32f1xx_hal_tim.o
                0x080025f8                HAL_TIM_ConfigClockSource
 .text.TIM_CCxChannelCmd
                0x080026f6       0x1e build/stm32f1xx_hal_tim.o
                0x080026f6                TIM_CCxChannelCmd
 .text.HAL_TIM_PWM_Start
                0x08002714       0xec build/stm32f1xx_hal_tim.o
                0x08002714                HAL_TIM_PWM_Start
 .text.HAL_TIM_Encoder_Start
                0x08002800       0xcc build/stm32f1xx_hal_tim.o
                0x08002800                HAL_TIM_Encoder_Start
 .text.HAL_TIMEx_MasterConfigSynchronization
                0x080028cc       0x7c build/stm32f1xx_hal_tim_ex.o
                0x080028cc                HAL_TIMEx_MasterConfigSynchronization
 .text.HAL_TIMEx_ConfigBreakDeadTime
                0x08002948       0x52 build/stm32f1xx_hal_tim_ex.o
                0x08002948                HAL_TIMEx_ConfigBreakDeadTime
 .text.UART_EndRxTransfer
                0x0800299a       0x5c build/stm32f1xx_hal_uart.o
 .text.UART_Transmit_IT
                0x080029f6       0x5e build/stm32f1xx_hal_uart.o
 .text.UART_SetConfig
                0x08002a54       0x94 build/stm32f1xx_hal_uart.o
 .text.UART_WaitOnFlagUntilTimeout
                0x08002ae8       0x86 build/stm32f1xx_hal_uart.o
 .text.HAL_UART_Init
                0x08002b6e       0x60 build/stm32f1xx_hal_uart.o
                0x08002b6e                HAL_UART_Init
 .text.HAL_UART_Transmit
                0x08002bce       0xca build/stm32f1xx_hal_uart.o
                0x08002bce                HAL_UART_Transmit
 .text.HAL_UART_TxCpltCallback
                0x08002c98        0x2 build/stm32f1xx_hal_uart.o
                0x08002c98                HAL_UART_TxCpltCallback
 .text.UART_EndTransmit_IT
                0x08002c9a       0x1a build/stm32f1xx_hal_uart.o
 .text.HAL_UART_ErrorCallback
                0x08002cb4        0x2 build/stm32f1xx_hal_uart.o
                0x08002cb4                HAL_UART_ErrorCallback
 .text.UART_DMAAbortOnError
                0x08002cb6       0x10 build/stm32f1xx_hal_uart.o
 .text.HAL_UARTEx_RxEventCallback
                0x08002cc6        0x2 build/stm32f1xx_hal_uart.o
                0x08002cc6                HAL_UARTEx_RxEventCallback
 .text.UART_Receive_IT
                0x08002cc8       0xe4 build/stm32f1xx_hal_uart.o
 .text.HAL_UART_IRQHandler
                0x08002dac      0x284 build/stm32f1xx_hal_uart.o
                0x08002dac                HAL_UART_IRQHandler
 .text.UART_Start_Receive_IT
                0x08003030       0x36 build/stm32f1xx_hal_uart.o
                0x08003030                UART_Start_Receive_IT
 .text.HAL_UART_Receive_IT
                0x08003066       0x24 build/stm32f1xx_hal_uart.o
                0x08003066                HAL_UART_Receive_IT
 .text.pid_set  0x0800308a       0x10 build/PID.o
                0x0800308a                pid_set
 .text.myabs    0x0800309a       0x16 build/PID.o
                0x0800309a                myabs
 .text.pid_cal  0x080030b0       0xc0 build/PID.o
                0x080030b0                pid_cal
 .text.delay_ms
                0x08003170       0x24 build/bsp_OLED.o
 .text.delay    0x08003194       0x18 build/bsp_OLED.o
 .text.start    0x080031ac       0x30 build/bsp_OLED.o
 .text.stop     0x080031dc       0x20 build/bsp_OLED.o
 .text.waitACK  0x080031fc       0x28 build/bsp_OLED.o
 .text.sendByte
                0x08003224       0x48 build/bsp_OLED.o
 .text.writeCMD
                0x0800326c       0x2c build/bsp_OLED.o
 .text.drawPoint
                0x08003298       0x48 build/bsp_OLED.o
 .text.drawAscii
                0x080032e0      0x124 build/bsp_OLED.o
 .text.OLED_Refresh
                0x08003404       0x64 build/bsp_OLED.o
                0x08003404                OLED_Refresh
 .text.OLED_Clear
                0x08003468       0x18 build/bsp_OLED.o
                0x08003468                OLED_Clear
 .text.OLED_Init
                0x08003480       0xc8 build/bsp_OLED.o
                0x08003480                OLED_Init
 .text.OLED_String
                0x08003548       0x88 build/bsp_OLED.o
                0x08003548                OLED_String
 .text.Encoder_Init
                0x080035d0       0xa0 build/Encoder.o
                0x080035d0                Encoder_Init
 .text.GetMotorSpeed
                0x08003670       0xc8 build/Encoder.o
                0x08003670                GetMotorSpeed
 .text.Key_Init
                0x08003738       0x1c build/KEY.o
                0x08003738                Key_Init
 .text.MotorA_Speed
                0x08003754       0x60 build/Motor.o
                0x08003754                MotorA_Speed
 .text.MotorB_Speed
                0x080037b4       0x60 build/Motor.o
                0x080037b4                MotorB_Speed
 .text.MotorC_Speed
                0x08003814       0x64 build/Motor.o
                0x08003814                MotorC_Speed
 .text.MotorD_Speed
                0x08003878       0x68 build/Motor.o
                0x08003878                MotorD_Speed
 .text.Motor_Init
                0x080038e0       0x44 build/Motor.o
                0x080038e0                Motor_Init
 .text.Reset_Handler
                0x08003924       0x48 build/startup_stm32f103xe.o
                0x08003924                Reset_Handler
 .text.Default_Handler
                0x0800396c        0x2 build/startup_stm32f103xe.o
                0x0800396c                RTC_Alarm_IRQHandler
                0x0800396c                EXTI2_IRQHandler
                0x0800396c                TIM8_TRG_COM_IRQHandler
                0x0800396c                TIM8_CC_IRQHandler
                0x0800396c                TIM1_CC_IRQHandler
                0x0800396c                TIM6_IRQHandler
                0x0800396c                PVD_IRQHandler
                0x0800396c                SDIO_IRQHandler
                0x0800396c                EXTI3_IRQHandler
                0x0800396c                EXTI0_IRQHandler
                0x0800396c                I2C2_EV_IRQHandler
                0x0800396c                ADC1_2_IRQHandler
                0x0800396c                SPI1_IRQHandler
                0x0800396c                TAMPER_IRQHandler
                0x0800396c                TIM8_UP_IRQHandler
                0x0800396c                DMA2_Channel2_IRQHandler
                0x0800396c                DMA1_Channel4_IRQHandler
                0x0800396c                USART3_IRQHandler
                0x0800396c                RTC_IRQHandler
                0x0800396c                DMA1_Channel7_IRQHandler
                0x0800396c                CAN1_RX1_IRQHandler
                0x0800396c                UART5_IRQHandler
                0x0800396c                ADC3_IRQHandler
                0x0800396c                TIM4_IRQHandler
                0x0800396c                DMA2_Channel1_IRQHandler
                0x0800396c                I2C1_EV_IRQHandler
                0x0800396c                DMA1_Channel6_IRQHandler
                0x0800396c                UART4_IRQHandler
                0x0800396c                TIM3_IRQHandler
                0x0800396c                RCC_IRQHandler
                0x0800396c                TIM1_TRG_COM_IRQHandler
                0x0800396c                DMA1_Channel1_IRQHandler
                0x0800396c                Default_Handler
                0x0800396c                EXTI15_10_IRQHandler
                0x0800396c                TIM7_IRQHandler
                0x0800396c                TIM5_IRQHandler
                0x0800396c                EXTI9_5_IRQHandler
                0x0800396c                SPI2_IRQHandler
                0x0800396c                DMA1_Channel5_IRQHandler
                0x0800396c                EXTI4_IRQHandler
                0x0800396c                USB_LP_CAN1_RX0_IRQHandler
                0x0800396c                USB_HP_CAN1_TX_IRQHandler
                0x0800396c                DMA1_Channel3_IRQHandler
                0x0800396c                FSMC_IRQHandler
                0x0800396c                TIM1_UP_IRQHandler
                0x0800396c                WWDG_IRQHandler
                0x0800396c                TIM2_IRQHandler
                0x0800396c                TIM1_BRK_IRQHandler
                0x0800396c                EXTI1_IRQHandler
                0x0800396c                DMA2_Channel4_5_IRQHandler
                0x0800396c                I2C2_ER_IRQHandler
                0x0800396c                DMA1_Channel2_IRQHandler
                0x0800396c                TIM8_BRK_IRQHandler
                0x0800396c                CAN1_SCE_IRQHandler
                0x0800396c                FLASH_IRQHandler
                0x0800396c                SPI3_IRQHandler
                0x0800396c                I2C1_ER_IRQHandler
                0x0800396c                USBWakeUp_IRQHandler
                0x0800396c                DMA2_Channel3_IRQHandler
 *fill*         0x0800396e        0x2 
 .text.sprintf  0x08003970       0x44 D:/arm-none-eabi-gcc/bin/../lib/gcc/arm-none-eabi/14.2.1/thumb/v7-m/nofp\libc_nano.a(libc_a-sprintf.o)
                0x08003970                siprintf
                0x08003970                sprintf
 .text.memset   0x080039b4       0x10 D:/arm-none-eabi-gcc/bin/../lib/gcc/arm-none-eabi/14.2.1/thumb/v7-m/nofp\libc_nano.a(libc_a-memset.o)
                0x080039b4                memset
 .text.__libc_init_array
                0x080039c4       0x48 D:/arm-none-eabi-gcc/bin/../lib/gcc/arm-none-eabi/14.2.1/thumb/v7-m/nofp\libc_nano.a(libc_a-init.o)
                0x080039c4                __libc_init_array
 .text.__retarget_lock_acquire_recursive
                0x08003a0c        0x2 D:/arm-none-eabi-gcc/bin/../lib/gcc/arm-none-eabi/14.2.1/thumb/v7-m/nofp\libc_nano.a(libc_a-lock.o)
                0x08003a0c                __retarget_lock_acquire_recursive
 .text.__retarget_lock_release_recursive
                0x08003a0e        0x2 D:/arm-none-eabi-gcc/bin/../lib/gcc/arm-none-eabi/14.2.1/thumb/v7-m/nofp\libc_nano.a(libc_a-lock.o)
                0x08003a0e                __retarget_lock_release_recursive
 .text._free_r  0x08003a10       0x90 D:/arm-none-eabi-gcc/bin/../lib/gcc/arm-none-eabi/14.2.1/thumb/v7-m/nofp\libc_nano.a(libc_a-freer.o)
                0x08003a10                _free_r
 .text.sbrk_aligned
                0x08003aa0       0x44 D:/arm-none-eabi-gcc/bin/../lib/gcc/arm-none-eabi/14.2.1/thumb/v7-m/nofp\libc_nano.a(libc_a-mallocr.o)
 .text._malloc_r
                0x08003ae4      0x100 D:/arm-none-eabi-gcc/bin/../lib/gcc/arm-none-eabi/14.2.1/thumb/v7-m/nofp\libc_nano.a(libc_a-mallocr.o)
                0x08003ae4                _malloc_r
 .text.__malloc_lock
                0x08003be4        0xc D:/arm-none-eabi-gcc/bin/../lib/gcc/arm-none-eabi/14.2.1/thumb/v7-m/nofp\libc_nano.a(libc_a-mlock.o)
                0x08003be4                __malloc_lock
 .text.__malloc_unlock
                0x08003bf0        0xc D:/arm-none-eabi-gcc/bin/../lib/gcc/arm-none-eabi/14.2.1/thumb/v7-m/nofp\libc_nano.a(libc_a-mlock.o)
                0x08003bf0                __malloc_unlock
 .text.__ssputs_r
                0x08003bfc       0xc0 D:/arm-none-eabi-gcc/bin/../lib/gcc/arm-none-eabi/14.2.1/thumb/v7-m/nofp\libc_nano.a(libc_a-nano-svfprintf.o)
                0x08003bfc                __ssputs_r
 .text._svfprintf_r
                0x08003cbc      0x1f8 D:/arm-none-eabi-gcc/bin/../lib/gcc/arm-none-eabi/14.2.1/thumb/v7-m/nofp\libc_nano.a(libc_a-nano-svfprintf.o)
                0x08003cbc                _svfiprintf_r
                0x08003cbc                _svfprintf_r
 .text._printf_common
                0x08003eb4       0xe4 D:/arm-none-eabi-gcc/bin/../lib/gcc/arm-none-eabi/14.2.1/thumb/v7-m/nofp\libc_nano.a(libc_a-nano-vfprintf_i.o)
                0x08003eb4                _printf_common
 .text._printf_i
                0x08003f98      0x240 D:/arm-none-eabi-gcc/bin/../lib/gcc/arm-none-eabi/14.2.1/thumb/v7-m/nofp\libc_nano.a(libc_a-nano-vfprintf_i.o)
                0x08003f98                _printf_i
 .text.memmove  0x080041d8       0x32 D:/arm-none-eabi-gcc/bin/../lib/gcc/arm-none-eabi/14.2.1/thumb/v7-m/nofp\libc_nano.a(libc_a-memmove.o)
                0x080041d8                memmove
 *fill*         0x0800420a        0x2 
 .text._sbrk_r  0x0800420c       0x20 D:/arm-none-eabi-gcc/bin/../lib/gcc/arm-none-eabi/14.2.1/thumb/v7-m/nofp\libc_nano.a(libc_a-sbrkr.o)
                0x0800420c                _sbrk_r
 .text.memchr   0x0800422c       0x1c D:/arm-none-eabi-gcc/bin/../lib/gcc/arm-none-eabi/14.2.1/thumb/v7-m/nofp\libc_nano.a(libc_a-memchr-stub.o)
                0x0800422c                memchr
 .text.memcpy   0x08004248       0x1c D:/arm-none-eabi-gcc/bin/../lib/gcc/arm-none-eabi/14.2.1/thumb/v7-m/nofp\libc_nano.a(libc_a-memcpy-stub.o)
                0x08004248                memcpy
 .text._realloc_r
                0x08004264       0x5c D:/arm-none-eabi-gcc/bin/../lib/gcc/arm-none-eabi/14.2.1/thumb/v7-m/nofp\libc_nano.a(libc_a-reallocr.o)
                0x08004264                _realloc_r
 .text._malloc_usable_size_r
                0x080042c0       0x10 D:/arm-none-eabi-gcc/bin/../lib/gcc/arm-none-eabi/14.2.1/thumb/v7-m/nofp\libc_nano.a(libc_a-msizer.o)
                0x080042c0                _malloc_usable_size_r
 .text._sbrk    0x080042d0       0x1c D:/arm-none-eabi-gcc/bin/../lib/gcc/arm-none-eabi/14.2.1/thumb/v7-m/nofp\libnosys.a(sbrk.o)
                0x080042d0                _sbrk
 *(.glue_7)
 .glue_7        0x080042ec        0x0 linker stubs
 *(.glue_7t)
 .glue_7t       0x080042ec        0x0 linker stubs
 *(.eh_frame)
 .eh_frame      0x080042ec        0x0 D:/arm-none-eabi-gcc/bin/../lib/gcc/arm-none-eabi/14.2.1/thumb/v7-m/nofp/crtbegin.o
 *(.init)
 .init          0x080042ec        0x4 D:/arm-none-eabi-gcc/bin/../lib/gcc/arm-none-eabi/14.2.1/thumb/v7-m/nofp/crti.o
                0x080042ec                _init
 .init          0x080042f0        0x8 D:/arm-none-eabi-gcc/bin/../lib/gcc/arm-none-eabi/14.2.1/thumb/v7-m/nofp/crtn.o
 *(.fini)
 .fini          0x080042f8        0x4 D:/arm-none-eabi-gcc/bin/../lib/gcc/arm-none-eabi/14.2.1/thumb/v7-m/nofp/crti.o
                0x080042f8                _fini
 .fini          0x080042fc        0x8 D:/arm-none-eabi-gcc/bin/../lib/gcc/arm-none-eabi/14.2.1/thumb/v7-m/nofp/crtn.o
                0x08004304                        . = ALIGN (0x4)
                0x08004304                        _etext = .

.vfp11_veneer   0x08004304        0x0
 .vfp11_veneer  0x08004304        0x0 linker stubs

.v4_bx          0x08004304        0x0
 .v4_bx         0x08004304        0x0 linker stubs

.iplt           0x08004304        0x0
 .iplt          0x08004304        0x0 D:/arm-none-eabi-gcc/bin/../lib/gcc/arm-none-eabi/14.2.1/thumb/v7-m/nofp/crtbegin.o

.rodata         0x08004304     0x3004
                0x08004304                        . = ALIGN (0x4)
 *(.rodata)
 *(.rodata*)
 .rodata.main.str1.4
                0x08004304       0x21 build/main.o
 *fill*         0x08004325        0x3 
 .rodata.aPredivFactorTable.0
                0x08004328        0x2 build/stm32f1xx_hal_rcc.o
 *fill*         0x0800432a        0x2 
 .rodata.aPLLMULFactorTable.1
                0x0800432c       0x10 build/stm32f1xx_hal_rcc.o
 .rodata.APBPrescTable
                0x0800433c        0x8 build/system_stm32f1xx.o
                0x0800433c                APBPrescTable
 .rodata.AHBPrescTable
                0x08004344       0x10 build/system_stm32f1xx.o
                0x08004344                AHBPrescTable
 .rodata.aFontASCII32
                0x08004354     0x17c0 build/bsp_OLED.o
                0x08004354                aFontASCII32
 .rodata.aFontASCII24
                0x08005b14      0xd5c build/bsp_OLED.o
                0x08005b14                aFontASCII24
 .rodata.aFontASCII16
                0x08006870      0x5f0 build/bsp_OLED.o
                0x08006870                aFontASCII16
 .rodata.aFontASCII12
                0x08006e60      0x474 build/bsp_OLED.o
                0x08006e60                aFontASCII12
 .rodata._svfprintf_r.str1.1
                0x080072d4       0x33 D:/arm-none-eabi-gcc/bin/../lib/gcc/arm-none-eabi/14.2.1/thumb/v7-m/nofp\libc_nano.a(libc_a-nano-svfprintf.o)
                                 0x11 (size before relaxing)
 .rodata._printf_i.str1.1
                0x08007307       0x22 D:/arm-none-eabi-gcc/bin/../lib/gcc/arm-none-eabi/14.2.1/thumb/v7-m/nofp\libc_nano.a(libc_a-nano-vfprintf_i.o)
                0x0800732c                        . = ALIGN (0x4)
 *fill*         0x08007307        0x1 

.ARM.extab      0x08007308        0x0
                0x08007308                        . = ALIGN (0x4)
 *(.ARM.extab* .gnu.linkonce.armextab.*)
                0x08007308                        . = ALIGN (0x4)

.ARM            0x08007308        0x0
                0x08007308                        . = ALIGN (0x4)
                0x08007308                        __exidx_start = .
 *(.ARM.exidx*)
                0x08007308                        __exidx_end = .
                0x08007308                        . = ALIGN (0x4)

.preinit_array  0x08007308        0x0
                0x08007308                        . = ALIGN (0x4)
                0x08007308                        PROVIDE (__preinit_array_start = .)
 *(.preinit_array*)
                0x08007308                        PROVIDE (__preinit_array_end = .)
                0x08007308                        . = ALIGN (0x4)

.init_array     0x08007308        0x4
                0x08007308                        . = ALIGN (0x4)
                0x08007308                        PROVIDE (__init_array_start = .)
 *(SORT_BY_NAME(.init_array.*))
 *(.init_array*)
 .init_array    0x08007308        0x4 D:/arm-none-eabi-gcc/bin/../lib/gcc/arm-none-eabi/14.2.1/thumb/v7-m/nofp/crtbegin.o
                0x0800730c                        PROVIDE (__init_array_end = .)
                0x0800730c                        . = ALIGN (0x4)

.fini_array     0x0800730c        0x4
                0x0800730c                        . = ALIGN (0x4)
                [!provide]                        PROVIDE (__fini_array_start = .)
 *(SORT_BY_NAME(.fini_array.*))
 *(.fini_array*)
 .fini_array    0x0800730c        0x4 D:/arm-none-eabi-gcc/bin/../lib/gcc/arm-none-eabi/14.2.1/thumb/v7-m/nofp/crtbegin.o
                [!provide]                        PROVIDE (__fini_array_end = .)
                0x08007310                        . = ALIGN (0x4)
                0x08007310                        _sidata = LOADADDR (.data)

.rel.dyn        0x08007310        0x0
 .rel.iplt      0x08007310        0x0 D:/arm-none-eabi-gcc/bin/../lib/gcc/arm-none-eabi/14.2.1/thumb/v7-m/nofp/crtbegin.o

.data           0x20000000       0x5c load address 0x08007310
                0x20000000                        . = ALIGN (0x4)
                0x20000000                        _sdata = .
 *(.data)
 *(.data*)
 .data.uwTickFreq
                0x20000000        0x1 build/stm32f1xx_hal.o
                0x20000000                uwTickFreq
 *fill*         0x20000001        0x3 
 .data.uwTickPrio
                0x20000004        0x4 build/stm32f1xx_hal.o
                0x20000004                uwTickPrio
 .data.SystemCoreClock
                0x20000008        0x4 build/system_stm32f1xx.o
                0x20000008                SystemCoreClock
 .data._impure_ptr
                0x2000000c        0x4 D:/arm-none-eabi-gcc/bin/../lib/gcc/arm-none-eabi/14.2.1/thumb/v7-m/nofp\libc_nano.a(libc_a-impure.o)
                0x2000000c                _impure_ptr
 .data._impure_data
                0x20000010       0x4c D:/arm-none-eabi-gcc/bin/../lib/gcc/arm-none-eabi/14.2.1/thumb/v7-m/nofp\libc_nano.a(libc_a-impure.o)
                0x20000010                _impure_data
 *(.RamFunc)
 *(.RamFunc*)
                0x2000005c                        . = ALIGN (0x4)
                0x2000005c                        _edata = .

.tm_clone_table
                0x2000005c        0x0 load address 0x0800736c
 .tm_clone_table
                0x2000005c        0x0 D:/arm-none-eabi-gcc/bin/../lib/gcc/arm-none-eabi/14.2.1/thumb/v7-m/nofp/crtbegin.o
 .tm_clone_table
                0x2000005c        0x0 D:/arm-none-eabi-gcc/bin/../lib/gcc/arm-none-eabi/14.2.1/thumb/v7-m/nofp/crtend.o

.igot.plt       0x2000005c        0x0 load address 0x0800736c
 .igot.plt      0x2000005c        0x0 D:/arm-none-eabi-gcc/bin/../lib/gcc/arm-none-eabi/14.2.1/thumb/v7-m/nofp/crtbegin.o
                0x2000005c                        . = ALIGN (0x4)

.bss            0x2000005c      0x844 load address 0x0800736c
                0x2000005c                        _sbss = .
                0x2000005c                        __bss_start__ = _sbss
 *(.bss)
 *(.bss*)
 .bss.completed.1
                0x2000005c        0x1 D:/arm-none-eabi-gcc/bin/../lib/gcc/arm-none-eabi/14.2.1/thumb/v7-m/nofp/crtbegin.o
 *fill*         0x2000005d        0x3 
 .bss.object.0  0x20000060       0x18 D:/arm-none-eabi-gcc/bin/../lib/gcc/arm-none-eabi/14.2.1/thumb/v7-m/nofp/crtbegin.o
 .bss.moterB_pid
                0x20000078       0x34 build/main.o
                0x20000078                moterB_pid
 .bss.Temp_chr  0x200000ac       0x64 build/main.o
                0x200000ac                Temp_chr
 .bss.Bluetooth_rec_tra_data
                0x20000110        0x1 build/main.o
                0x20000110                Bluetooth_rec_tra_data
 *fill*         0x20000111        0x3 
 .bss.rec_tra_data
                0x20000114        0x1 build/main.o
                0x20000114                rec_tra_data
 *fill*         0x20000115        0x3 
 .bss.uwTick    0x20000118        0x4 build/stm32f1xx_hal.o
                0x20000118                uwTick
 .bss.htim8     0x2000011c       0x48 build/tim.o
                0x2000011c                htim8
 .bss.htim5     0x20000164       0x48 build/tim.o
                0x20000164                htim5
 .bss.htim4     0x200001ac       0x48 build/tim.o
                0x200001ac                htim4
 .bss.htim3     0x200001f4       0x48 build/tim.o
                0x200001f4                htim3
 .bss.htim1     0x2000023c       0x48 build/tim.o
                0x2000023c                htim1
 .bss.huart2    0x20000284       0x48 build/usart.o
                0x20000284                huart2
 .bss.huart1    0x200002cc       0x48 build/usart.o
                0x200002cc                huart1
 .bss.temp.0    0x20000314        0x1 build/bsp_OLED.o
 .bss.csize.1   0x20000315        0x1 build/bsp_OLED.o
 .bss.y0.2      0x20000316        0x2 build/bsp_OLED.o
 .bss.ulTimesUS
                0x20000318        0x4 build/bsp_OLED.o
 .bss.ulTimesMS
                0x2000031c        0x4 build/bsp_OLED.o
 .bss.OLED_GRAM
                0x20000320      0x400 build/bsp_OLED.o
                0x20000320                OLED_GRAM
 .bss.xLCD      0x20000720        0x6 build/bsp_OLED.o
                0x20000720                xLCD
 *fill*         0x20000726        0x2 
 .bss.last_time
                0x20000728       0x10 build/Encoder.o
 .bss.last_count
                0x20000738       0x10 build/Encoder.o
 .bss.Key3_Num  0x20000748        0x4 build/KEY.o
                0x20000748                Key3_Num
 .bss.Key2_Num  0x2000074c        0x4 build/KEY.o
                0x2000074c                Key2_Num
 .bss.Key1_Num  0x20000750        0x4 build/KEY.o
                0x20000750                Key1_Num
 .bss.__sf      0x20000754      0x138 D:/arm-none-eabi-gcc/bin/../lib/gcc/arm-none-eabi/14.2.1/thumb/v7-m/nofp\libc_nano.a(libc_a-findfp.o)
                0x20000754                __sf
 .bss.errno     0x2000088c        0x4 D:/arm-none-eabi-gcc/bin/../lib/gcc/arm-none-eabi/14.2.1/thumb/v7-m/nofp\libc_nano.a(libc_a-reent.o)
                0x2000088c                errno
 .bss.__lock___malloc_recursive_mutex
                0x20000890        0x1 D:/arm-none-eabi-gcc/bin/../lib/gcc/arm-none-eabi/14.2.1/thumb/v7-m/nofp\libc_nano.a(libc_a-lock.o)
                0x20000890                __lock___malloc_recursive_mutex
 *fill*         0x20000891        0x3 
 .bss.__malloc_sbrk_start
                0x20000894        0x4 D:/arm-none-eabi-gcc/bin/../lib/gcc/arm-none-eabi/14.2.1/thumb/v7-m/nofp\libc_nano.a(libc_a-mallocr.o)
                0x20000894                __malloc_sbrk_start
 .bss.__malloc_free_list
                0x20000898        0x4 D:/arm-none-eabi-gcc/bin/../lib/gcc/arm-none-eabi/14.2.1/thumb/v7-m/nofp\libc_nano.a(libc_a-mallocr.o)
                0x20000898                __malloc_free_list
 .bss.heap_end.0
                0x2000089c        0x4 D:/arm-none-eabi-gcc/bin/../lib/gcc/arm-none-eabi/14.2.1/thumb/v7-m/nofp\libnosys.a(sbrk.o)
 *(COMMON)
                0x200008a0                        . = ALIGN (0x4)
                0x200008a0                        _ebss = .
                0x200008a0                        __bss_end__ = _ebss

._user_heap_stack
                0x200008a0      0x600 load address 0x0800736c
                0x200008a0                        . = ALIGN (0x8)
                0x200008a0                        PROVIDE (end = .)
                [!provide]                        PROVIDE (_end = .)
                0x20000aa0                        . = (. + _Min_Heap_Size)
 *fill*         0x200008a0      0x200 
                0x20000ea0                        . = (. + _Min_Stack_Size)
 *fill*         0x20000aa0      0x400 
                0x20000ea0                        . = ALIGN (0x8)

/DISCARD/
 libc.a(*)
 libm.a(*)
 libgcc.a(*)
OUTPUT(build/Electronics_Design.elf elf32-littlearm)
LOAD linker stubs
LOAD D:/arm-none-eabi-gcc/bin/../lib/gcc/arm-none-eabi/14.2.1/thumb/v7-m/nofp\libc.a
LOAD D:/arm-none-eabi-gcc/bin/../lib/gcc/arm-none-eabi/14.2.1/thumb/v7-m/nofp\libm.a
LOAD D:/arm-none-eabi-gcc/bin/../lib/gcc/arm-none-eabi/14.2.1/thumb/v7-m/nofp\libgcc.a

.ARM.attributes
                0x00000000       0x29
 .ARM.attributes
                0x00000000       0x1d D:/arm-none-eabi-gcc/bin/../lib/gcc/arm-none-eabi/14.2.1/thumb/v7-m/nofp/crti.o
 .ARM.attributes
                0x0000001d       0x2d D:/arm-none-eabi-gcc/bin/../lib/gcc/arm-none-eabi/14.2.1/thumb/v7-m/nofp/crtbegin.o
 .ARM.attributes
                0x0000004a       0x2d build/main.o
 .ARM.attributes
                0x00000077       0x2d build/gpio.o
 .ARM.attributes
                0x000000a4       0x2d build/stm32f1xx_it.o
 .ARM.attributes
                0x000000d1       0x2d build/stm32f1xx_hal_msp.o
 .ARM.attributes
                0x000000fe       0x2d build/stm32f1xx_hal.o
 .ARM.attributes
                0x0000012b       0x2d build/stm32f1xx_hal_rcc.o
 .ARM.attributes
                0x00000158       0x2d build/stm32f1xx_hal_gpio.o
 .ARM.attributes
                0x00000185       0x2d build/stm32f1xx_hal_dma.o
 .ARM.attributes
                0x000001b2       0x2d build/stm32f1xx_hal_cortex.o
 .ARM.attributes
                0x000001df       0x2d build/system_stm32f1xx.o
 .ARM.attributes
                0x0000020c       0x2d build/tim.o
 .ARM.attributes
                0x00000239       0x2d build/usart.o
 .ARM.attributes
                0x00000266       0x2d build/stm32f1xx_hal_tim.o
 .ARM.attributes
                0x00000293       0x2d build/stm32f1xx_hal_tim_ex.o
 .ARM.attributes
                0x000002c0       0x2d build/stm32f1xx_hal_uart.o
 .ARM.attributes
                0x000002ed       0x2d build/PID.o
 .ARM.attributes
                0x0000031a       0x2d build/bsp_OLED.o
 .ARM.attributes
                0x00000347       0x2d build/Encoder.o
 .ARM.attributes
                0x00000374       0x2d build/KEY.o
 .ARM.attributes
                0x000003a1       0x2d build/Motor.o
 .ARM.attributes
                0x000003ce       0x21 build/startup_stm32f103xe.o
 .ARM.attributes
                0x000003ef       0x2d D:/arm-none-eabi-gcc/bin/../lib/gcc/arm-none-eabi/14.2.1/thumb/v7-m/nofp\libc_nano.a(libc_a-findfp.o)
 .ARM.attributes
                0x0000041c       0x2d D:/arm-none-eabi-gcc/bin/../lib/gcc/arm-none-eabi/14.2.1/thumb/v7-m/nofp\libc_nano.a(libc_a-sprintf.o)
 .ARM.attributes
                0x00000449       0x2d D:/arm-none-eabi-gcc/bin/../lib/gcc/arm-none-eabi/14.2.1/thumb/v7-m/nofp\libc_nano.a(libc_a-memset.o)
 .ARM.attributes
                0x00000476       0x2d D:/arm-none-eabi-gcc/bin/../lib/gcc/arm-none-eabi/14.2.1/thumb/v7-m/nofp\libc_nano.a(libc_a-reent.o)
 .ARM.attributes
                0x000004a3       0x2d D:/arm-none-eabi-gcc/bin/../lib/gcc/arm-none-eabi/14.2.1/thumb/v7-m/nofp\libc_nano.a(libc_a-impure.o)
 .ARM.attributes
                0x000004d0       0x2d D:/arm-none-eabi-gcc/bin/../lib/gcc/arm-none-eabi/14.2.1/thumb/v7-m/nofp\libc_nano.a(libc_a-init.o)
 .ARM.attributes
                0x000004fd       0x2d D:/arm-none-eabi-gcc/bin/../lib/gcc/arm-none-eabi/14.2.1/thumb/v7-m/nofp\libc_nano.a(libc_a-lock.o)
 .ARM.attributes
                0x0000052a       0x2d D:/arm-none-eabi-gcc/bin/../lib/gcc/arm-none-eabi/14.2.1/thumb/v7-m/nofp\libc_nano.a(libc_a-freer.o)
 .ARM.attributes
                0x00000557       0x2d D:/arm-none-eabi-gcc/bin/../lib/gcc/arm-none-eabi/14.2.1/thumb/v7-m/nofp\libc_nano.a(libc_a-mallocr.o)
 .ARM.attributes
                0x00000584       0x2d D:/arm-none-eabi-gcc/bin/../lib/gcc/arm-none-eabi/14.2.1/thumb/v7-m/nofp\libc_nano.a(libc_a-mlock.o)
 .ARM.attributes
                0x000005b1       0x2d D:/arm-none-eabi-gcc/bin/../lib/gcc/arm-none-eabi/14.2.1/thumb/v7-m/nofp\libc_nano.a(libc_a-nano-svfprintf.o)
 .ARM.attributes
                0x000005de       0x2d D:/arm-none-eabi-gcc/bin/../lib/gcc/arm-none-eabi/14.2.1/thumb/v7-m/nofp\libc_nano.a(libc_a-nano-vfprintf_i.o)
 .ARM.attributes
                0x0000060b       0x2d D:/arm-none-eabi-gcc/bin/../lib/gcc/arm-none-eabi/14.2.1/thumb/v7-m/nofp\libc_nano.a(libc_a-memmove.o)
 .ARM.attributes
                0x00000638       0x2d D:/arm-none-eabi-gcc/bin/../lib/gcc/arm-none-eabi/14.2.1/thumb/v7-m/nofp\libc_nano.a(libc_a-sbrkr.o)
 .ARM.attributes
                0x00000665       0x2d D:/arm-none-eabi-gcc/bin/../lib/gcc/arm-none-eabi/14.2.1/thumb/v7-m/nofp\libc_nano.a(libc_a-memchr-stub.o)
 .ARM.attributes
                0x00000692       0x2d D:/arm-none-eabi-gcc/bin/../lib/gcc/arm-none-eabi/14.2.1/thumb/v7-m/nofp\libc_nano.a(libc_a-memcpy-stub.o)
 .ARM.attributes
                0x000006bf       0x2d D:/arm-none-eabi-gcc/bin/../lib/gcc/arm-none-eabi/14.2.1/thumb/v7-m/nofp\libc_nano.a(libc_a-reallocr.o)
 .ARM.attributes
                0x000006ec       0x2d D:/arm-none-eabi-gcc/bin/../lib/gcc/arm-none-eabi/14.2.1/thumb/v7-m/nofp\libc_nano.a(libc_a-msizer.o)
 .ARM.attributes
                0x00000719       0x2d D:/arm-none-eabi-gcc/bin/../lib/gcc/arm-none-eabi/14.2.1/thumb/v7-m/nofp\libnosys.a(sbrk.o)
 .ARM.attributes
                0x00000746       0x1d D:/arm-none-eabi-gcc/bin/../lib/gcc/arm-none-eabi/14.2.1/thumb/v7-m/nofp\libgcc.a(_arm_addsubdf3.o)
 .ARM.attributes
                0x00000763       0x1d D:/arm-none-eabi-gcc/bin/../lib/gcc/arm-none-eabi/14.2.1/thumb/v7-m/nofp\libgcc.a(_arm_addsubsf3.o)
 .ARM.attributes
                0x00000780       0x1d D:/arm-none-eabi-gcc/bin/../lib/gcc/arm-none-eabi/14.2.1/thumb/v7-m/nofp\libgcc.a(_arm_muldivsf3.o)
 .ARM.attributes
                0x0000079d       0x1d D:/arm-none-eabi-gcc/bin/../lib/gcc/arm-none-eabi/14.2.1/thumb/v7-m/nofp\libgcc.a(_arm_cmpsf2.o)
 .ARM.attributes
                0x000007ba       0x1d D:/arm-none-eabi-gcc/bin/../lib/gcc/arm-none-eabi/14.2.1/thumb/v7-m/nofp\libgcc.a(_arm_fixunssfsi.o)
 .ARM.attributes
                0x000007d7       0x2d D:/arm-none-eabi-gcc/bin/../lib/gcc/arm-none-eabi/14.2.1/thumb/v7-m/nofp/crtend.o
 .ARM.attributes
                0x00000804       0x1d D:/arm-none-eabi-gcc/bin/../lib/gcc/arm-none-eabi/14.2.1/thumb/v7-m/nofp/crtn.o

.comment        0x00000000       0x45
 .comment       0x00000000       0x45 build/main.o
                                 0x46 (size before relaxing)
 .comment       0x00000045       0x46 build/gpio.o
 .comment       0x00000045       0x46 build/stm32f1xx_it.o
 .comment       0x00000045       0x46 build/stm32f1xx_hal_msp.o
 .comment       0x00000045       0x46 build/stm32f1xx_hal.o
 .comment       0x00000045       0x46 build/stm32f1xx_hal_rcc.o
 .comment       0x00000045       0x46 build/stm32f1xx_hal_gpio.o
 .comment       0x00000045       0x46 build/stm32f1xx_hal_dma.o
 .comment       0x00000045       0x46 build/stm32f1xx_hal_cortex.o
 .comment       0x00000045       0x46 build/system_stm32f1xx.o
 .comment       0x00000045       0x46 build/tim.o
 .comment       0x00000045       0x46 build/usart.o
 .comment       0x00000045       0x46 build/stm32f1xx_hal_tim.o
 .comment       0x00000045       0x46 build/stm32f1xx_hal_tim_ex.o
 .comment       0x00000045       0x46 build/stm32f1xx_hal_uart.o
 .comment       0x00000045       0x46 build/PID.o
 .comment       0x00000045       0x46 build/bsp_OLED.o
 .comment       0x00000045       0x46 build/Encoder.o
 .comment       0x00000045       0x46 build/KEY.o
 .comment       0x00000045       0x46 build/Motor.o

.debug_info     0x00000000    0x142fc
 .debug_info    0x00000000      0xe56 build/main.o
 .debug_info    0x00000e56      0x47d build/gpio.o
 .debug_info    0x000012d3      0x72c build/stm32f1xx_it.o
 .debug_info    0x000019ff      0x238 build/stm32f1xx_hal_msp.o
 .debug_info    0x00001c37      0x8e6 build/stm32f1xx_hal.o
 .debug_info    0x0000251d      0xb10 build/stm32f1xx_hal_rcc.o
 .debug_info    0x0000302d      0x6d7 build/stm32f1xx_hal_gpio.o
 .debug_info    0x00003704      0x8d4 build/stm32f1xx_hal_dma.o
 .debug_info    0x00003fd8      0xea5 build/stm32f1xx_hal_cortex.o
 .debug_info    0x00004e7d      0x26e build/system_stm32f1xx.o
 .debug_info    0x000050eb     0x1508 build/tim.o
 .debug_info    0x000065f3      0xcb6 build/usart.o
 .debug_info    0x000072a9     0x4146 build/stm32f1xx_hal_tim.o
 .debug_info    0x0000b3ef     0x1d41 build/stm32f1xx_hal_tim_ex.o
 .debug_info    0x0000d130     0x430f build/stm32f1xx_hal_uart.o
 .debug_info    0x0001143f      0x35a build/PID.o
 .debug_info    0x00011799     0x112f build/bsp_OLED.o
 .debug_info    0x000128c8      0xa2b build/Encoder.o
 .debug_info    0x000132f3      0x3f8 build/KEY.o
 .debug_info    0x000136eb      0xbe1 build/Motor.o
 .debug_info    0x000142cc       0x30 build/startup_stm32f103xe.o

.debug_abbrev   0x00000000     0x2c6a
 .debug_abbrev  0x00000000      0x2c8 build/main.o
 .debug_abbrev  0x000002c8      0x14e build/gpio.o
 .debug_abbrev  0x00000416      0x172 build/stm32f1xx_it.o
 .debug_abbrev  0x00000588       0xe7 build/stm32f1xx_hal_msp.o
 .debug_abbrev  0x0000066f      0x232 build/stm32f1xx_hal.o
 .debug_abbrev  0x000008a1      0x2d6 build/stm32f1xx_hal_rcc.o
 .debug_abbrev  0x00000b77      0x222 build/stm32f1xx_hal_gpio.o
 .debug_abbrev  0x00000d99      0x261 build/stm32f1xx_hal_dma.o
 .debug_abbrev  0x00000ffa      0x3aa build/stm32f1xx_hal_cortex.o
 .debug_abbrev  0x000013a4      0x140 build/system_stm32f1xx.o
 .debug_abbrev  0x000014e4      0x2a8 build/tim.o
 .debug_abbrev  0x0000178c      0x21b build/usart.o
 .debug_abbrev  0x000019a7      0x2bd build/stm32f1xx_hal_tim.o
 .debug_abbrev  0x00001c64      0x2b7 build/stm32f1xx_hal_tim_ex.o
 .debug_abbrev  0x00001f1b      0x35f build/stm32f1xx_hal_uart.o
 .debug_abbrev  0x0000227a      0x12e build/PID.o
 .debug_abbrev  0x000023a8      0x2d7 build/bsp_OLED.o
 .debug_abbrev  0x0000267f      0x240 build/Encoder.o
 .debug_abbrev  0x000028bf      0x1ce build/KEY.o
 .debug_abbrev  0x00002a8d      0x1c0 build/Motor.o
 .debug_abbrev  0x00002c4d       0x1d build/startup_stm32f103xe.o

.debug_loc      0x00000000    0x112db
 .debug_loc     0x00000000       0xfa build/main.o
 .debug_loc     0x000000fa       0x39 build/gpio.o
 .debug_loc     0x00000133       0x60 build/stm32f1xx_it.o
 .debug_loc     0x00000193       0x41 build/stm32f1xx_hal_msp.o
 .debug_loc     0x000001d4      0x1f9 build/stm32f1xx_hal.o
 .debug_loc     0x000003cd      0x7c6 build/stm32f1xx_hal_rcc.o
 .debug_loc     0x00000b93      0x55f build/stm32f1xx_hal_gpio.o
 .debug_loc     0x000010f2      0x98d build/stm32f1xx_hal_dma.o
 .debug_loc     0x00001a7f      0x8b4 build/stm32f1xx_hal_cortex.o
 .debug_loc     0x00002333      0x11b build/system_stm32f1xx.o
 .debug_loc     0x0000244e      0x467 build/tim.o
 .debug_loc     0x000028b5      0x186 build/usart.o
 .debug_loc     0x00002a3b     0x60a8 build/stm32f1xx_hal_tim.o
 .debug_loc     0x00008ae3     0x22e6 build/stm32f1xx_hal_tim_ex.o
 .debug_loc     0x0000adc9     0x506e build/stm32f1xx_hal_uart.o
 .debug_loc     0x0000fe37      0x13b build/PID.o
 .debug_loc     0x0000ff72      0xe22 build/bsp_OLED.o
 .debug_loc     0x00010d94      0x2ca build/Encoder.o
 .debug_loc     0x0001105e       0x91 build/KEY.o
 .debug_loc     0x000110ef      0x1ec build/Motor.o

.debug_aranges  0x00000000      0xdc0
 .debug_aranges
                0x00000000       0x38 build/main.o
 .debug_aranges
                0x00000038       0x20 build/gpio.o
 .debug_aranges
                0x00000058       0x70 build/stm32f1xx_it.o
 .debug_aranges
                0x000000c8       0x20 build/stm32f1xx_hal_msp.o
 .debug_aranges
                0x000000e8       0xe0 build/stm32f1xx_hal.o
 .debug_aranges
                0x000001c8       0x90 build/stm32f1xx_hal_rcc.o
 .debug_aranges
                0x00000258       0x58 build/stm32f1xx_hal_gpio.o
 .debug_aranges
                0x000002b0       0x80 build/stm32f1xx_hal_dma.o
 .debug_aranges
                0x00000330       0xc0 build/stm32f1xx_hal_cortex.o
 .debug_aranges
                0x000003f0       0x28 build/system_stm32f1xx.o
 .debug_aranges
                0x00000418       0x68 build/tim.o
 .debug_aranges
                0x00000480       0x38 build/usart.o
 .debug_aranges
                0x000004b8      0x3d0 build/stm32f1xx_hal_tim.o
 .debug_aranges
                0x00000888      0x168 build/stm32f1xx_hal_tim_ex.o
 .debug_aranges
                0x000009f0      0x208 build/stm32f1xx_hal_uart.o
 .debug_aranges
                0x00000bf8       0x30 build/PID.o
 .debug_aranges
                0x00000c28       0xb0 build/bsp_OLED.o
 .debug_aranges
                0x00000cd8       0x48 build/Encoder.o
 .debug_aranges
                0x00000d20       0x38 build/KEY.o
 .debug_aranges
                0x00000d58       0x40 build/Motor.o
 .debug_aranges
                0x00000d98       0x28 build/startup_stm32f103xe.o

.debug_ranges   0x00000000      0xce0
 .debug_ranges  0x00000000       0x28 build/main.o
 .debug_ranges  0x00000028       0x10 build/gpio.o
 .debug_ranges  0x00000038       0x60 build/stm32f1xx_it.o
 .debug_ranges  0x00000098       0x10 build/stm32f1xx_hal_msp.o
 .debug_ranges  0x000000a8       0xd0 build/stm32f1xx_hal.o
 .debug_ranges  0x00000178       0xa0 build/stm32f1xx_hal_rcc.o
 .debug_ranges  0x00000218       0x48 build/stm32f1xx_hal_gpio.o
 .debug_ranges  0x00000260       0x70 build/stm32f1xx_hal_dma.o
 .debug_ranges  0x000002d0       0xb0 build/stm32f1xx_hal_cortex.o
 .debug_ranges  0x00000380       0x18 build/system_stm32f1xx.o
 .debug_ranges  0x00000398       0x58 build/tim.o
 .debug_ranges  0x000003f0       0x28 build/usart.o
 .debug_ranges  0x00000418      0x3c0 build/stm32f1xx_hal_tim.o
 .debug_ranges  0x000007d8      0x158 build/stm32f1xx_hal_tim_ex.o
 .debug_ranges  0x00000930      0x210 build/stm32f1xx_hal_uart.o
 .debug_ranges  0x00000b40       0x20 build/PID.o
 .debug_ranges  0x00000b60       0xd0 build/bsp_OLED.o
 .debug_ranges  0x00000c30       0x38 build/Encoder.o
 .debug_ranges  0x00000c68       0x28 build/KEY.o
 .debug_ranges  0x00000c90       0x30 build/Motor.o
 .debug_ranges  0x00000cc0       0x20 build/startup_stm32f103xe.o

.debug_line     0x00000000     0xeb5e
 .debug_line    0x00000000      0x3f3 build/main.o
 .debug_line    0x000003f3      0x226 build/gpio.o
 .debug_line    0x00000619      0x273 build/stm32f1xx_it.o
 .debug_line    0x0000088c      0x124 build/stm32f1xx_hal_msp.o
 .debug_line    0x000009b0      0x4d6 build/stm32f1xx_hal.o
 .debug_line    0x00000e86      0xc60 build/stm32f1xx_hal_rcc.o
 .debug_line    0x00001ae6      0x599 build/stm32f1xx_hal_gpio.o
 .debug_line    0x0000207f      0xf8b build/stm32f1xx_hal_dma.o
 .debug_line    0x0000300a      0x64f build/stm32f1xx_hal_cortex.o
 .debug_line    0x00003659      0x1ed build/system_stm32f1xx.o
 .debug_line    0x00003846      0x7d9 build/tim.o
 .debug_line    0x0000401f      0x38e build/usart.o
 .debug_line    0x000043ad     0x464d build/stm32f1xx_hal_tim.o
 .debug_line    0x000089fa     0x1990 build/stm32f1xx_hal_tim_ex.o
 .debug_line    0x0000a38a     0x3432 build/stm32f1xx_hal_uart.o
 .debug_line    0x0000d7bc      0x197 build/PID.o
 .debug_line    0x0000d953      0x8b4 build/bsp_OLED.o
 .debug_line    0x0000e207      0x3b5 build/Encoder.o
 .debug_line    0x0000e5bc      0x2b6 build/KEY.o
 .debug_line    0x0000e872      0x27a build/Motor.o
 .debug_line    0x0000eaec       0x72 build/startup_stm32f103xe.o

.debug_str      0x00000000     0x3c93
 .debug_str     0x00000000     0x3c93 build/main.o
                                0x8ee (size before relaxing)
 .debug_str     0x00003c93      0x250 build/gpio.o
 .debug_str     0x00003c93      0x63b build/stm32f1xx_it.o
 .debug_str     0x00003c93      0x1e4 build/stm32f1xx_hal_msp.o
 .debug_str     0x00003c93      0x8d7 build/stm32f1xx_hal.o
 .debug_str     0x00003c93      0x5f0 build/stm32f1xx_hal_rcc.o
 .debug_str     0x00003c93      0x3c5 build/stm32f1xx_hal_gpio.o
 .debug_str     0x00003c93      0x5c2 build/stm32f1xx_hal_dma.o
 .debug_str     0x00003c93      0x97c build/stm32f1xx_hal_cortex.o
 .debug_str     0x00003c93      0x219 build/system_stm32f1xx.o
 .debug_str     0x00003c93      0xb34 build/tim.o
 .debug_str     0x00003c93      0xab1 build/usart.o
 .debug_str     0x00003c93     0x164a build/stm32f1xx_hal_tim.o
 .debug_str     0x00003c93      0xe56 build/stm32f1xx_hal_tim_ex.o
 .debug_str     0x00003c93      0xcb9 build/stm32f1xx_hal_uart.o
 .debug_str     0x00003c93      0x23a build/PID.o
 .debug_str     0x00003c93      0x3c9 build/bsp_OLED.o
 .debug_str     0x00003c93      0x7b7 build/Encoder.o
 .debug_str     0x00003c93      0x22b build/KEY.o
 .debug_str     0x00003c93      0x730 build/Motor.o
 .debug_str     0x00003c93       0x50 build/startup_stm32f103xe.o

.debug_frame    0x00000000     0x2b78
 .debug_frame   0x00000000       0x74 build/main.o
 .debug_frame   0x00000074       0x3c build/gpio.o
 .debug_frame   0x000000b0       0xd8 build/stm32f1xx_it.o
 .debug_frame   0x00000188       0x28 build/stm32f1xx_hal_msp.o
 .debug_frame   0x000001b0      0x1cc build/stm32f1xx_hal.o
 .debug_frame   0x0000037c      0x184 build/stm32f1xx_hal_rcc.o
 .debug_frame   0x00000500       0xe4 build/stm32f1xx_hal_gpio.o
 .debug_frame   0x000005e4      0x13c build/stm32f1xx_hal_dma.o
 .debug_frame   0x00000720      0x19c build/stm32f1xx_hal_cortex.o
 .debug_frame   0x000008bc       0x30 build/system_stm32f1xx.o
 .debug_frame   0x000008ec      0x134 build/tim.o
 .debug_frame   0x00000a20       0x7c build/usart.o
 .debug_frame   0x00000a9c      0xb08 build/stm32f1xx_hal_tim.o
 .debug_frame   0x000015a4      0x418 build/stm32f1xx_hal_tim_ex.o
 .debug_frame   0x000019bc      0x5dc build/stm32f1xx_hal_uart.o
 .debug_frame   0x00001f98       0x5c build/PID.o
 .debug_frame   0x00001ff4      0x218 build/bsp_OLED.o
 .debug_frame   0x0000220c       0xac build/Encoder.o
 .debug_frame   0x000022b8       0x58 build/KEY.o
 .debug_frame   0x00002310       0x98 build/Motor.o
 .debug_frame   0x000023a8      0x144 D:/arm-none-eabi-gcc/bin/../lib/gcc/arm-none-eabi/14.2.1/thumb/v7-m/nofp\libc_nano.a(libc_a-findfp.o)
 .debug_frame   0x000024ec       0x74 D:/arm-none-eabi-gcc/bin/../lib/gcc/arm-none-eabi/14.2.1/thumb/v7-m/nofp\libc_nano.a(libc_a-sprintf.o)
 .debug_frame   0x00002560       0x20 D:/arm-none-eabi-gcc/bin/../lib/gcc/arm-none-eabi/14.2.1/thumb/v7-m/nofp\libc_nano.a(libc_a-memset.o)
 .debug_frame   0x00002580       0x38 D:/arm-none-eabi-gcc/bin/../lib/gcc/arm-none-eabi/14.2.1/thumb/v7-m/nofp\libc_nano.a(libc_a-reent.o)
 .debug_frame   0x000025b8       0x2c D:/arm-none-eabi-gcc/bin/../lib/gcc/arm-none-eabi/14.2.1/thumb/v7-m/nofp\libc_nano.a(libc_a-init.o)
 .debug_frame   0x000025e4       0xb0 D:/arm-none-eabi-gcc/bin/../lib/gcc/arm-none-eabi/14.2.1/thumb/v7-m/nofp\libc_nano.a(libc_a-lock.o)
 .debug_frame   0x00002694       0x38 D:/arm-none-eabi-gcc/bin/../lib/gcc/arm-none-eabi/14.2.1/thumb/v7-m/nofp\libc_nano.a(libc_a-freer.o)
 .debug_frame   0x000026cc       0x50 D:/arm-none-eabi-gcc/bin/../lib/gcc/arm-none-eabi/14.2.1/thumb/v7-m/nofp\libc_nano.a(libc_a-mallocr.o)
 .debug_frame   0x0000271c       0x30 D:/arm-none-eabi-gcc/bin/../lib/gcc/arm-none-eabi/14.2.1/thumb/v7-m/nofp\libc_nano.a(libc_a-mlock.o)
 .debug_frame   0x0000274c       0x90 D:/arm-none-eabi-gcc/bin/../lib/gcc/arm-none-eabi/14.2.1/thumb/v7-m/nofp\libc_nano.a(libc_a-nano-svfprintf.o)
 .debug_frame   0x000027dc       0x60 D:/arm-none-eabi-gcc/bin/../lib/gcc/arm-none-eabi/14.2.1/thumb/v7-m/nofp\libc_nano.a(libc_a-nano-vfprintf_i.o)
 .debug_frame   0x0000283c       0x28 D:/arm-none-eabi-gcc/bin/../lib/gcc/arm-none-eabi/14.2.1/thumb/v7-m/nofp\libc_nano.a(libc_a-memmove.o)
 .debug_frame   0x00002864       0x2c D:/arm-none-eabi-gcc/bin/../lib/gcc/arm-none-eabi/14.2.1/thumb/v7-m/nofp\libc_nano.a(libc_a-sbrkr.o)
 .debug_frame   0x00002890       0x28 D:/arm-none-eabi-gcc/bin/../lib/gcc/arm-none-eabi/14.2.1/thumb/v7-m/nofp\libc_nano.a(libc_a-memchr-stub.o)
 .debug_frame   0x000028b8       0x28 D:/arm-none-eabi-gcc/bin/../lib/gcc/arm-none-eabi/14.2.1/thumb/v7-m/nofp\libc_nano.a(libc_a-memcpy-stub.o)
 .debug_frame   0x000028e0       0x3c D:/arm-none-eabi-gcc/bin/../lib/gcc/arm-none-eabi/14.2.1/thumb/v7-m/nofp\libc_nano.a(libc_a-reallocr.o)
 .debug_frame   0x0000291c       0x20 D:/arm-none-eabi-gcc/bin/../lib/gcc/arm-none-eabi/14.2.1/thumb/v7-m/nofp\libc_nano.a(libc_a-msizer.o)
 .debug_frame   0x0000293c       0x20 D:/arm-none-eabi-gcc/bin/../lib/gcc/arm-none-eabi/14.2.1/thumb/v7-m/nofp\libnosys.a(sbrk.o)
 .debug_frame   0x0000295c       0xac D:/arm-none-eabi-gcc/bin/../lib/gcc/arm-none-eabi/14.2.1/thumb/v7-m/nofp\libgcc.a(_arm_addsubdf3.o)
 .debug_frame   0x00002a08       0x4c D:/arm-none-eabi-gcc/bin/../lib/gcc/arm-none-eabi/14.2.1/thumb/v7-m/nofp\libgcc.a(_arm_addsubsf3.o)
 .debug_frame   0x00002a54       0x38 D:/arm-none-eabi-gcc/bin/../lib/gcc/arm-none-eabi/14.2.1/thumb/v7-m/nofp\libgcc.a(_arm_muldivsf3.o)
 .debug_frame   0x00002a8c       0xc8 D:/arm-none-eabi-gcc/bin/../lib/gcc/arm-none-eabi/14.2.1/thumb/v7-m/nofp\libgcc.a(_arm_cmpsf2.o)
 .debug_frame   0x00002b54       0x24 D:/arm-none-eabi-gcc/bin/../lib/gcc/arm-none-eabi/14.2.1/thumb/v7-m/nofp\libgcc.a(_arm_fixunssfsi.o)

.debug_line_str
                0x00000000       0xd7
 .debug_line_str
                0x00000000       0xd7 D:/arm-none-eabi-gcc/bin/../lib/gcc/arm-none-eabi/14.2.1/thumb/v7-m/nofp\libgcc.a(_arm_addsubdf3.o)
                                 0xca (size before relaxing)
 .debug_line_str
                0x000000d7       0xca D:/arm-none-eabi-gcc/bin/../lib/gcc/arm-none-eabi/14.2.1/thumb/v7-m/nofp\libgcc.a(_arm_addsubsf3.o)
 .debug_line_str
                0x000000d7       0xca D:/arm-none-eabi-gcc/bin/../lib/gcc/arm-none-eabi/14.2.1/thumb/v7-m/nofp\libgcc.a(_arm_muldivsf3.o)
 .debug_line_str
                0x000000d7       0xca D:/arm-none-eabi-gcc/bin/../lib/gcc/arm-none-eabi/14.2.1/thumb/v7-m/nofp\libgcc.a(_arm_cmpsf2.o)
 .debug_line_str
                0x000000d7       0xca D:/arm-none-eabi-gcc/bin/../lib/gcc/arm-none-eabi/14.2.1/thumb/v7-m/nofp\libgcc.a(_arm_fixunssfsi.o)

Cross Reference Table

Symbol                                            File
ADC1_2_IRQHandler                                 build/startup_stm32f103xe.o
ADC3_IRQHandler                                   build/startup_stm32f103xe.o
AHBPrescTable                                     build/system_stm32f1xx.o
                                                  build/stm32f1xx_hal_rcc.o
APBPrescTable                                     build/system_stm32f1xx.o
                                                  build/stm32f1xx_hal_rcc.o
Actual_Speed                                      build/main.o
Bluetooth_rec_tra_data                            build/main.o
BusFault_Handler                                  build/stm32f1xx_it.o
CAN1_RX1_IRQHandler                               build/startup_stm32f103xe.o
CAN1_SCE_IRQHandler                               build/startup_stm32f103xe.o
DMA1_Channel1_IRQHandler                          build/startup_stm32f103xe.o
DMA1_Channel2_IRQHandler                          build/startup_stm32f103xe.o
DMA1_Channel3_IRQHandler                          build/startup_stm32f103xe.o
DMA1_Channel4_IRQHandler                          build/startup_stm32f103xe.o
DMA1_Channel5_IRQHandler                          build/startup_stm32f103xe.o
DMA1_Channel6_IRQHandler                          build/startup_stm32f103xe.o
DMA1_Channel7_IRQHandler                          build/startup_stm32f103xe.o
DMA2_Channel1_IRQHandler                          build/startup_stm32f103xe.o
DMA2_Channel2_IRQHandler                          build/startup_stm32f103xe.o
DMA2_Channel3_IRQHandler                          build/startup_stm32f103xe.o
DMA2_Channel4_5_IRQHandler                        build/startup_stm32f103xe.o
DebugMon_Handler                                  build/stm32f1xx_it.o
Default_Handler                                   build/startup_stm32f103xe.o
EXTI0_IRQHandler                                  build/startup_stm32f103xe.o
EXTI15_10_IRQHandler                              build/startup_stm32f103xe.o
EXTI1_IRQHandler                                  build/startup_stm32f103xe.o
EXTI2_IRQHandler                                  build/startup_stm32f103xe.o
EXTI3_IRQHandler                                  build/startup_stm32f103xe.o
EXTI4_IRQHandler                                  build/startup_stm32f103xe.o
EXTI9_5_IRQHandler                                build/startup_stm32f103xe.o
Encoder_Init                                      build/Encoder.o
                                                  build/main.o
Error_Handler                                     build/main.o
                                                  build/usart.o
                                                  build/tim.o
FLASH_IRQHandler                                  build/startup_stm32f103xe.o
FLASH_PageErase                                   build/stm32f1xx_hal_flash_ex.o
                                                  build/stm32f1xx_hal_flash.o
FLASH_WaitForLastOperation                        build/stm32f1xx_hal_flash.o
                                                  build/stm32f1xx_hal_flash_ex.o
FSMC_IRQHandler                                   build/startup_stm32f103xe.o
GetMotorSpeed                                     build/Encoder.o
                                                  build/main.o
Get_KeyNum                                        build/KEY.o
HAL_DBGMCU_DisableDBGSleepMode                    build/stm32f1xx_hal.o
HAL_DBGMCU_DisableDBGStandbyMode                  build/stm32f1xx_hal.o
HAL_DBGMCU_DisableDBGStopMode                     build/stm32f1xx_hal.o
HAL_DBGMCU_EnableDBGSleepMode                     build/stm32f1xx_hal.o
HAL_DBGMCU_EnableDBGStandbyMode                   build/stm32f1xx_hal.o
HAL_DBGMCU_EnableDBGStopMode                      build/stm32f1xx_hal.o
HAL_DMA_Abort                                     build/stm32f1xx_hal_dma.o
                                                  build/stm32f1xx_hal_uart.o
HAL_DMA_Abort_IT                                  build/stm32f1xx_hal_dma.o
                                                  build/stm32f1xx_hal_uart.o
                                                  build/stm32f1xx_hal_tim_ex.o
                                                  build/stm32f1xx_hal_tim.o
HAL_DMA_DeInit                                    build/stm32f1xx_hal_dma.o
HAL_DMA_GetError                                  build/stm32f1xx_hal_dma.o
                                                  build/stm32f1xx_hal_uart.o
HAL_DMA_GetState                                  build/stm32f1xx_hal_dma.o
HAL_DMA_IRQHandler                                build/stm32f1xx_hal_dma.o
HAL_DMA_Init                                      build/stm32f1xx_hal_dma.o
HAL_DMA_PollForTransfer                           build/stm32f1xx_hal_dma.o
HAL_DMA_RegisterCallback                          build/stm32f1xx_hal_dma.o
HAL_DMA_Start                                     build/stm32f1xx_hal_dma.o
HAL_DMA_Start_IT                                  build/stm32f1xx_hal_dma.o
                                                  build/stm32f1xx_hal_uart.o
                                                  build/stm32f1xx_hal_tim_ex.o
                                                  build/stm32f1xx_hal_tim.o
HAL_DMA_UnRegisterCallback                        build/stm32f1xx_hal_dma.o
HAL_DeInit                                        build/stm32f1xx_hal.o
HAL_Delay                                         build/stm32f1xx_hal.o
                                                  build/main.o
HAL_EXTI_ClearConfigLine                          build/stm32f1xx_hal_exti.o
HAL_EXTI_ClearPending                             build/stm32f1xx_hal_exti.o
HAL_EXTI_GenerateSWI                              build/stm32f1xx_hal_exti.o
HAL_EXTI_GetConfigLine                            build/stm32f1xx_hal_exti.o
HAL_EXTI_GetHandle                                build/stm32f1xx_hal_exti.o
HAL_EXTI_GetPending                               build/stm32f1xx_hal_exti.o
HAL_EXTI_IRQHandler                               build/stm32f1xx_hal_exti.o
HAL_EXTI_RegisterCallback                         build/stm32f1xx_hal_exti.o
HAL_EXTI_SetConfigLine                            build/stm32f1xx_hal_exti.o
HAL_FLASHEx_Erase                                 build/stm32f1xx_hal_flash_ex.o
HAL_FLASHEx_Erase_IT                              build/stm32f1xx_hal_flash_ex.o
HAL_FLASHEx_OBErase                               build/stm32f1xx_hal_flash_ex.o
HAL_FLASHEx_OBGetConfig                           build/stm32f1xx_hal_flash_ex.o
HAL_FLASHEx_OBGetUserData                         build/stm32f1xx_hal_flash_ex.o
HAL_FLASHEx_OBProgram                             build/stm32f1xx_hal_flash_ex.o
HAL_FLASH_EndOfOperationCallback                  build/stm32f1xx_hal_flash.o
HAL_FLASH_GetError                                build/stm32f1xx_hal_flash.o
HAL_FLASH_IRQHandler                              build/stm32f1xx_hal_flash.o
HAL_FLASH_Lock                                    build/stm32f1xx_hal_flash.o
HAL_FLASH_OB_Launch                               build/stm32f1xx_hal_flash.o
HAL_FLASH_OB_Lock                                 build/stm32f1xx_hal_flash.o
HAL_FLASH_OB_Unlock                               build/stm32f1xx_hal_flash.o
HAL_FLASH_OperationErrorCallback                  build/stm32f1xx_hal_flash.o
HAL_FLASH_Program                                 build/stm32f1xx_hal_flash.o
HAL_FLASH_Program_IT                              build/stm32f1xx_hal_flash.o
HAL_FLASH_Unlock                                  build/stm32f1xx_hal_flash.o
HAL_GPIOEx_ConfigEventout                         build/stm32f1xx_hal_gpio_ex.o
HAL_GPIOEx_DisableEventout                        build/stm32f1xx_hal_gpio_ex.o
HAL_GPIOEx_EnableEventout                         build/stm32f1xx_hal_gpio_ex.o
HAL_GPIO_DeInit                                   build/stm32f1xx_hal_gpio.o
                                                  build/usart.o
                                                  build/tim.o
HAL_GPIO_EXTI_Callback                            build/stm32f1xx_hal_gpio.o
HAL_GPIO_EXTI_IRQHandler                          build/stm32f1xx_hal_gpio.o
HAL_GPIO_Init                                     build/stm32f1xx_hal_gpio.o
                                                  build/usart.o
                                                  build/tim.o
                                                  build/stm32f1xx_hal_rcc.o
                                                  build/gpio.o
HAL_GPIO_LockPin                                  build/stm32f1xx_hal_gpio.o
HAL_GPIO_ReadPin                                  build/stm32f1xx_hal_gpio.o
                                                  build/KEY.o
HAL_GPIO_TogglePin                                build/stm32f1xx_hal_gpio.o
HAL_GPIO_WritePin                                 build/stm32f1xx_hal_gpio.o
                                                  build/Motor.o
                                                  build/gpio.o
HAL_GetDEVID                                      build/stm32f1xx_hal.o
HAL_GetHalVersion                                 build/stm32f1xx_hal.o
HAL_GetREVID                                      build/stm32f1xx_hal.o
HAL_GetTick                                       build/stm32f1xx_hal.o
                                                  build/Encoder.o
                                                  build/stm32f1xx_hal_uart.o
                                                  build/stm32f1xx_hal_flash.o
                                                  build/stm32f1xx_hal_dma.o
                                                  build/stm32f1xx_hal_rcc_ex.o
                                                  build/stm32f1xx_hal_rcc.o
HAL_GetTickFreq                                   build/stm32f1xx_hal.o
HAL_GetTickPrio                                   build/stm32f1xx_hal.o
HAL_GetUIDw0                                      build/stm32f1xx_hal.o
HAL_GetUIDw1                                      build/stm32f1xx_hal.o
HAL_GetUIDw2                                      build/stm32f1xx_hal.o
HAL_HalfDuplex_EnableReceiver                     build/stm32f1xx_hal_uart.o
HAL_HalfDuplex_EnableTransmitter                  build/stm32f1xx_hal_uart.o
HAL_HalfDuplex_Init                               build/stm32f1xx_hal_uart.o
HAL_IncTick                                       build/stm32f1xx_hal.o
                                                  build/stm32f1xx_it.o
HAL_Init                                          build/stm32f1xx_hal.o
                                                  build/main.o
HAL_InitTick                                      build/stm32f1xx_hal.o
                                                  build/stm32f1xx_hal_rcc.o
HAL_LIN_Init                                      build/stm32f1xx_hal_uart.o
HAL_LIN_SendBreak                                 build/stm32f1xx_hal_uart.o
HAL_MspDeInit                                     build/stm32f1xx_hal.o
HAL_MspInit                                       build/stm32f1xx_hal_msp.o
HAL_MultiProcessor_EnterMuteMode                  build/stm32f1xx_hal_uart.o
HAL_MultiProcessor_ExitMuteMode                   build/stm32f1xx_hal_uart.o
HAL_MultiProcessor_Init                           build/stm32f1xx_hal_uart.o
HAL_NVIC_ClearPendingIRQ                          build/stm32f1xx_hal_cortex.o
HAL_NVIC_DisableIRQ                               build/stm32f1xx_hal_cortex.o
                                                  build/usart.o
HAL_NVIC_EnableIRQ                                build/stm32f1xx_hal_cortex.o
                                                  build/usart.o
HAL_NVIC_GetActive                                build/stm32f1xx_hal_cortex.o
HAL_NVIC_GetPendingIRQ                            build/stm32f1xx_hal_cortex.o
HAL_NVIC_GetPriority                              build/stm32f1xx_hal_cortex.o
HAL_NVIC_GetPriorityGrouping                      build/stm32f1xx_hal_cortex.o
HAL_NVIC_SetPendingIRQ                            build/stm32f1xx_hal_cortex.o
HAL_NVIC_SetPriority                              build/stm32f1xx_hal_cortex.o
                                                  build/usart.o
                                                  build/stm32f1xx_hal.o
HAL_NVIC_SetPriorityGrouping                      build/stm32f1xx_hal_cortex.o
                                                  build/stm32f1xx_hal.o
HAL_NVIC_SystemReset                              build/stm32f1xx_hal_cortex.o
                                                  build/stm32f1xx_hal_flash.o
HAL_PWR_ConfigPVD                                 build/stm32f1xx_hal_pwr.o
HAL_PWR_DeInit                                    build/stm32f1xx_hal_pwr.o
HAL_PWR_DisableBkUpAccess                         build/stm32f1xx_hal_pwr.o
HAL_PWR_DisablePVD                                build/stm32f1xx_hal_pwr.o
HAL_PWR_DisableSEVOnPend                          build/stm32f1xx_hal_pwr.o
HAL_PWR_DisableSleepOnExit                        build/stm32f1xx_hal_pwr.o
HAL_PWR_DisableWakeUpPin                          build/stm32f1xx_hal_pwr.o
HAL_PWR_EnableBkUpAccess                          build/stm32f1xx_hal_pwr.o
HAL_PWR_EnablePVD                                 build/stm32f1xx_hal_pwr.o
HAL_PWR_EnableSEVOnPend                           build/stm32f1xx_hal_pwr.o
HAL_PWR_EnableSleepOnExit                         build/stm32f1xx_hal_pwr.o
HAL_PWR_EnableWakeUpPin                           build/stm32f1xx_hal_pwr.o
HAL_PWR_EnterSLEEPMode                            build/stm32f1xx_hal_pwr.o
HAL_PWR_EnterSTANDBYMode                          build/stm32f1xx_hal_pwr.o
HAL_PWR_EnterSTOPMode                             build/stm32f1xx_hal_pwr.o
HAL_PWR_PVDCallback                               build/stm32f1xx_hal_pwr.o
HAL_PWR_PVD_IRQHandler                            build/stm32f1xx_hal_pwr.o
HAL_RCCEx_GetPeriphCLKConfig                      build/stm32f1xx_hal_rcc_ex.o
HAL_RCCEx_GetPeriphCLKFreq                        build/stm32f1xx_hal_rcc_ex.o
HAL_RCCEx_PeriphCLKConfig                         build/stm32f1xx_hal_rcc_ex.o
HAL_RCC_CSSCallback                               build/stm32f1xx_hal_rcc.o
HAL_RCC_ClockConfig                               build/stm32f1xx_hal_rcc.o
                                                  build/main.o
HAL_RCC_DeInit                                    build/stm32f1xx_hal_rcc.o
HAL_RCC_DisableCSS                                build/stm32f1xx_hal_rcc.o
HAL_RCC_EnableCSS                                 build/stm32f1xx_hal_rcc.o
HAL_RCC_GetClockConfig                            build/stm32f1xx_hal_rcc.o
HAL_RCC_GetHCLKFreq                               build/stm32f1xx_hal_rcc.o
HAL_RCC_GetOscConfig                              build/stm32f1xx_hal_rcc.o
HAL_RCC_GetPCLK1Freq                              build/stm32f1xx_hal_rcc.o
                                                  build/stm32f1xx_hal_uart.o
HAL_RCC_GetPCLK2Freq                              build/stm32f1xx_hal_rcc.o
                                                  build/stm32f1xx_hal_uart.o
                                                  build/stm32f1xx_hal_rcc_ex.o
HAL_RCC_GetSysClockFreq                           build/stm32f1xx_hal_rcc.o
                                                  build/stm32f1xx_hal_rcc_ex.o
HAL_RCC_MCOConfig                                 build/stm32f1xx_hal_rcc.o
HAL_RCC_NMI_IRQHandler                            build/stm32f1xx_hal_rcc.o
HAL_RCC_OscConfig                                 build/stm32f1xx_hal_rcc.o
                                                  build/main.o
HAL_ResumeTick                                    build/stm32f1xx_hal.o
HAL_SYSTICK_CLKSourceConfig                       build/stm32f1xx_hal_cortex.o
HAL_SYSTICK_Callback                              build/stm32f1xx_hal_cortex.o
HAL_SYSTICK_Config                                build/stm32f1xx_hal_cortex.o
                                                  build/stm32f1xx_hal.o
HAL_SYSTICK_IRQHandler                            build/stm32f1xx_hal_cortex.o
HAL_SetTickFreq                                   build/stm32f1xx_hal.o
HAL_SuspendTick                                   build/stm32f1xx_hal.o
HAL_TIMEx_BreakCallback                           build/stm32f1xx_hal_tim_ex.o
                                                  build/stm32f1xx_hal_tim.o
HAL_TIMEx_CommutCallback                          build/stm32f1xx_hal_tim_ex.o
                                                  build/stm32f1xx_hal_tim.o
HAL_TIMEx_CommutHalfCpltCallback                  build/stm32f1xx_hal_tim_ex.o
HAL_TIMEx_ConfigBreakDeadTime                     build/stm32f1xx_hal_tim_ex.o
                                                  build/tim.o
HAL_TIMEx_ConfigCommutEvent                       build/stm32f1xx_hal_tim_ex.o
HAL_TIMEx_ConfigCommutEvent_DMA                   build/stm32f1xx_hal_tim_ex.o
HAL_TIMEx_ConfigCommutEvent_IT                    build/stm32f1xx_hal_tim_ex.o
HAL_TIMEx_GetChannelNState                        build/stm32f1xx_hal_tim_ex.o
HAL_TIMEx_HallSensor_DeInit                       build/stm32f1xx_hal_tim_ex.o
HAL_TIMEx_HallSensor_GetState                     build/stm32f1xx_hal_tim_ex.o
HAL_TIMEx_HallSensor_Init                         build/stm32f1xx_hal_tim_ex.o
HAL_TIMEx_HallSensor_MspDeInit                    build/stm32f1xx_hal_tim_ex.o
HAL_TIMEx_HallSensor_MspInit                      build/stm32f1xx_hal_tim_ex.o
HAL_TIMEx_HallSensor_Start                        build/stm32f1xx_hal_tim_ex.o
HAL_TIMEx_HallSensor_Start_DMA                    build/stm32f1xx_hal_tim_ex.o
HAL_TIMEx_HallSensor_Start_IT                     build/stm32f1xx_hal_tim_ex.o
HAL_TIMEx_HallSensor_Stop                         build/stm32f1xx_hal_tim_ex.o
HAL_TIMEx_HallSensor_Stop_DMA                     build/stm32f1xx_hal_tim_ex.o
HAL_TIMEx_HallSensor_Stop_IT                      build/stm32f1xx_hal_tim_ex.o
HAL_TIMEx_MasterConfigSynchronization             build/stm32f1xx_hal_tim_ex.o
                                                  build/tim.o
HAL_TIMEx_OCN_Start                               build/stm32f1xx_hal_tim_ex.o
HAL_TIMEx_OCN_Start_DMA                           build/stm32f1xx_hal_tim_ex.o
HAL_TIMEx_OCN_Start_IT                            build/stm32f1xx_hal_tim_ex.o
HAL_TIMEx_OCN_Stop                                build/stm32f1xx_hal_tim_ex.o
HAL_TIMEx_OCN_Stop_DMA                            build/stm32f1xx_hal_tim_ex.o
HAL_TIMEx_OCN_Stop_IT                             build/stm32f1xx_hal_tim_ex.o
HAL_TIMEx_OnePulseN_Start                         build/stm32f1xx_hal_tim_ex.o
HAL_TIMEx_OnePulseN_Start_IT                      build/stm32f1xx_hal_tim_ex.o
HAL_TIMEx_OnePulseN_Stop                          build/stm32f1xx_hal_tim_ex.o
HAL_TIMEx_OnePulseN_Stop_IT                       build/stm32f1xx_hal_tim_ex.o
HAL_TIMEx_PWMN_Start                              build/stm32f1xx_hal_tim_ex.o
HAL_TIMEx_PWMN_Start_DMA                          build/stm32f1xx_hal_tim_ex.o
HAL_TIMEx_PWMN_Start_IT                           build/stm32f1xx_hal_tim_ex.o
HAL_TIMEx_PWMN_Stop                               build/stm32f1xx_hal_tim_ex.o
HAL_TIMEx_PWMN_Stop_DMA                           build/stm32f1xx_hal_tim_ex.o
HAL_TIMEx_PWMN_Stop_IT                            build/stm32f1xx_hal_tim_ex.o
HAL_TIMEx_RemapConfig                             build/stm32f1xx_hal_tim_ex.o
HAL_TIM_Base_DeInit                               build/stm32f1xx_hal_tim.o
HAL_TIM_Base_GetState                             build/stm32f1xx_hal_tim.o
HAL_TIM_Base_Init                                 build/stm32f1xx_hal_tim.o
                                                  build/tim.o
HAL_TIM_Base_MspDeInit                            build/tim.o
HAL_TIM_Base_MspInit                              build/tim.o
HAL_TIM_Base_Start                                build/stm32f1xx_hal_tim.o
HAL_TIM_Base_Start_DMA                            build/stm32f1xx_hal_tim.o
HAL_TIM_Base_Start_IT                             build/stm32f1xx_hal_tim.o
HAL_TIM_Base_Stop                                 build/stm32f1xx_hal_tim.o
HAL_TIM_Base_Stop_DMA                             build/stm32f1xx_hal_tim.o
HAL_TIM_Base_Stop_IT                              build/stm32f1xx_hal_tim.o
HAL_TIM_ConfigClockSource                         build/stm32f1xx_hal_tim.o
                                                  build/tim.o
HAL_TIM_ConfigOCrefClear                          build/stm32f1xx_hal_tim.o
HAL_TIM_ConfigTI1Input                            build/stm32f1xx_hal_tim.o
HAL_TIM_DMABurstState                             build/stm32f1xx_hal_tim.o
HAL_TIM_DMABurst_MultiReadStart                   build/stm32f1xx_hal_tim.o
HAL_TIM_DMABurst_MultiWriteStart                  build/stm32f1xx_hal_tim.o
HAL_TIM_DMABurst_ReadStart                        build/stm32f1xx_hal_tim.o
HAL_TIM_DMABurst_ReadStop                         build/stm32f1xx_hal_tim.o
HAL_TIM_DMABurst_WriteStart                       build/stm32f1xx_hal_tim.o
HAL_TIM_DMABurst_WriteStop                        build/stm32f1xx_hal_tim.o
HAL_TIM_Encoder_DeInit                            build/stm32f1xx_hal_tim.o
HAL_TIM_Encoder_GetState                          build/stm32f1xx_hal_tim.o
HAL_TIM_Encoder_Init                              build/stm32f1xx_hal_tim.o
                                                  build/tim.o
HAL_TIM_Encoder_MspDeInit                         build/tim.o
HAL_TIM_Encoder_MspInit                           build/tim.o
HAL_TIM_Encoder_Start                             build/stm32f1xx_hal_tim.o
                                                  build/Encoder.o
HAL_TIM_Encoder_Start_DMA                         build/stm32f1xx_hal_tim.o
HAL_TIM_Encoder_Start_IT                          build/stm32f1xx_hal_tim.o
HAL_TIM_Encoder_Stop                              build/stm32f1xx_hal_tim.o
HAL_TIM_Encoder_Stop_DMA                          build/stm32f1xx_hal_tim.o
HAL_TIM_Encoder_Stop_IT                           build/stm32f1xx_hal_tim.o
HAL_TIM_ErrorCallback                             build/stm32f1xx_hal_tim.o
                                                  build/stm32f1xx_hal_tim_ex.o
HAL_TIM_GenerateEvent                             build/stm32f1xx_hal_tim.o
HAL_TIM_GetActiveChannel                          build/stm32f1xx_hal_tim.o
HAL_TIM_GetChannelState                           build/stm32f1xx_hal_tim.o
HAL_TIM_IC_CaptureCallback                        build/stm32f1xx_hal_tim.o
HAL_TIM_IC_CaptureHalfCpltCallback                build/stm32f1xx_hal_tim.o
HAL_TIM_IC_ConfigChannel                          build/stm32f1xx_hal_tim.o
HAL_TIM_IC_DeInit                                 build/stm32f1xx_hal_tim.o
HAL_TIM_IC_GetState                               build/stm32f1xx_hal_tim.o
HAL_TIM_IC_Init                                   build/stm32f1xx_hal_tim.o
HAL_TIM_IC_MspDeInit                              build/stm32f1xx_hal_tim.o
HAL_TIM_IC_MspInit                                build/stm32f1xx_hal_tim.o
HAL_TIM_IC_Start                                  build/stm32f1xx_hal_tim.o
HAL_TIM_IC_Start_DMA                              build/stm32f1xx_hal_tim.o
HAL_TIM_IC_Start_IT                               build/stm32f1xx_hal_tim.o
HAL_TIM_IC_Stop                                   build/stm32f1xx_hal_tim.o
HAL_TIM_IC_Stop_DMA                               build/stm32f1xx_hal_tim.o
HAL_TIM_IC_Stop_IT                                build/stm32f1xx_hal_tim.o
HAL_TIM_IRQHandler                                build/stm32f1xx_hal_tim.o
HAL_TIM_MspPostInit                               build/tim.o
HAL_TIM_OC_ConfigChannel                          build/stm32f1xx_hal_tim.o
HAL_TIM_OC_DeInit                                 build/stm32f1xx_hal_tim.o
HAL_TIM_OC_DelayElapsedCallback                   build/stm32f1xx_hal_tim.o
HAL_TIM_OC_GetState                               build/stm32f1xx_hal_tim.o
HAL_TIM_OC_Init                                   build/stm32f1xx_hal_tim.o
HAL_TIM_OC_MspDeInit                              build/stm32f1xx_hal_tim.o
HAL_TIM_OC_MspInit                                build/stm32f1xx_hal_tim.o
HAL_TIM_OC_Start                                  build/stm32f1xx_hal_tim.o
HAL_TIM_OC_Start_DMA                              build/stm32f1xx_hal_tim.o
HAL_TIM_OC_Start_IT                               build/stm32f1xx_hal_tim.o
HAL_TIM_OC_Stop                                   build/stm32f1xx_hal_tim.o
HAL_TIM_OC_Stop_DMA                               build/stm32f1xx_hal_tim.o
HAL_TIM_OC_Stop_IT                                build/stm32f1xx_hal_tim.o
HAL_TIM_OnePulse_ConfigChannel                    build/stm32f1xx_hal_tim.o
HAL_TIM_OnePulse_DeInit                           build/stm32f1xx_hal_tim.o
HAL_TIM_OnePulse_GetState                         build/stm32f1xx_hal_tim.o
HAL_TIM_OnePulse_Init                             build/stm32f1xx_hal_tim.o
HAL_TIM_OnePulse_MspDeInit                        build/stm32f1xx_hal_tim.o
HAL_TIM_OnePulse_MspInit                          build/stm32f1xx_hal_tim.o
HAL_TIM_OnePulse_Start                            build/stm32f1xx_hal_tim.o
HAL_TIM_OnePulse_Start_IT                         build/stm32f1xx_hal_tim.o
HAL_TIM_OnePulse_Stop                             build/stm32f1xx_hal_tim.o
HAL_TIM_OnePulse_Stop_IT                          build/stm32f1xx_hal_tim.o
HAL_TIM_PWM_ConfigChannel                         build/stm32f1xx_hal_tim.o
                                                  build/tim.o
HAL_TIM_PWM_DeInit                                build/stm32f1xx_hal_tim.o
HAL_TIM_PWM_GetState                              build/stm32f1xx_hal_tim.o
HAL_TIM_PWM_Init                                  build/stm32f1xx_hal_tim.o
                                                  build/tim.o
HAL_TIM_PWM_MspDeInit                             build/stm32f1xx_hal_tim.o
HAL_TIM_PWM_MspInit                               build/stm32f1xx_hal_tim.o
HAL_TIM_PWM_PulseFinishedCallback                 build/stm32f1xx_hal_tim.o
                                                  build/stm32f1xx_hal_tim_ex.o
HAL_TIM_PWM_PulseFinishedHalfCpltCallback         build/stm32f1xx_hal_tim.o
HAL_TIM_PWM_Start                                 build/stm32f1xx_hal_tim.o
                                                  build/Motor.o
HAL_TIM_PWM_Start_DMA                             build/stm32f1xx_hal_tim.o
HAL_TIM_PWM_Start_IT                              build/stm32f1xx_hal_tim.o
HAL_TIM_PWM_Stop                                  build/stm32f1xx_hal_tim.o
HAL_TIM_PWM_Stop_DMA                              build/stm32f1xx_hal_tim.o
HAL_TIM_PWM_Stop_IT                               build/stm32f1xx_hal_tim.o
HAL_TIM_PeriodElapsedCallback                     build/stm32f1xx_hal_tim.o
HAL_TIM_PeriodElapsedHalfCpltCallback             build/stm32f1xx_hal_tim.o
HAL_TIM_ReadCapturedValue                         build/stm32f1xx_hal_tim.o
HAL_TIM_SlaveConfigSynchro                        build/stm32f1xx_hal_tim.o
HAL_TIM_SlaveConfigSynchro_IT                     build/stm32f1xx_hal_tim.o
HAL_TIM_TriggerCallback                           build/stm32f1xx_hal_tim.o
HAL_TIM_TriggerHalfCpltCallback                   build/stm32f1xx_hal_tim.o
HAL_UARTEx_GetRxEventType                         build/stm32f1xx_hal_uart.o
HAL_UARTEx_ReceiveToIdle                          build/stm32f1xx_hal_uart.o
HAL_UARTEx_ReceiveToIdle_DMA                      build/stm32f1xx_hal_uart.o
HAL_UARTEx_ReceiveToIdle_IT                       build/stm32f1xx_hal_uart.o
HAL_UARTEx_RxEventCallback                        build/stm32f1xx_hal_uart.o
HAL_UART_Abort                                    build/stm32f1xx_hal_uart.o
HAL_UART_AbortCpltCallback                        build/stm32f1xx_hal_uart.o
HAL_UART_AbortReceive                             build/stm32f1xx_hal_uart.o
HAL_UART_AbortReceiveCpltCallback                 build/stm32f1xx_hal_uart.o
HAL_UART_AbortReceive_IT                          build/stm32f1xx_hal_uart.o
HAL_UART_AbortTransmit                            build/stm32f1xx_hal_uart.o
HAL_UART_AbortTransmitCpltCallback                build/stm32f1xx_hal_uart.o
HAL_UART_AbortTransmit_IT                         build/stm32f1xx_hal_uart.o
HAL_UART_Abort_IT                                 build/stm32f1xx_hal_uart.o
HAL_UART_DMAPause                                 build/stm32f1xx_hal_uart.o
HAL_UART_DMAResume                                build/stm32f1xx_hal_uart.o
HAL_UART_DMAStop                                  build/stm32f1xx_hal_uart.o
HAL_UART_DeInit                                   build/stm32f1xx_hal_uart.o
HAL_UART_ErrorCallback                            build/stm32f1xx_hal_uart.o
HAL_UART_GetError                                 build/stm32f1xx_hal_uart.o
HAL_UART_GetState                                 build/stm32f1xx_hal_uart.o
HAL_UART_IRQHandler                               build/stm32f1xx_hal_uart.o
                                                  build/stm32f1xx_it.o
HAL_UART_Init                                     build/stm32f1xx_hal_uart.o
                                                  build/usart.o
HAL_UART_MspDeInit                                build/usart.o
HAL_UART_MspInit                                  build/usart.o
HAL_UART_Receive                                  build/stm32f1xx_hal_uart.o
HAL_UART_Receive_DMA                              build/stm32f1xx_hal_uart.o
HAL_UART_Receive_IT                               build/stm32f1xx_hal_uart.o
                                                  build/main.o
HAL_UART_RxCpltCallback                           build/main.o
HAL_UART_RxHalfCpltCallback                       build/stm32f1xx_hal_uart.o
HAL_UART_Transmit                                 build/stm32f1xx_hal_uart.o
                                                  build/main.o
HAL_UART_Transmit_DMA                             build/stm32f1xx_hal_uart.o
HAL_UART_Transmit_IT                              build/stm32f1xx_hal_uart.o
HAL_UART_TxCpltCallback                           build/stm32f1xx_hal_uart.o
HAL_UART_TxHalfCpltCallback                       build/stm32f1xx_hal_uart.o
HardFault_Handler                                 build/stm32f1xx_it.o
I2C1_ER_IRQHandler                                build/startup_stm32f103xe.o
I2C1_EV_IRQHandler                                build/startup_stm32f103xe.o
I2C2_ER_IRQHandler                                build/startup_stm32f103xe.o
I2C2_EV_IRQHandler                                build/startup_stm32f103xe.o
Key1_Num                                          build/KEY.o
Key2_Num                                          build/KEY.o
Key3_Num                                          build/KEY.o
Key_Init                                          build/KEY.o
                                                  build/main.o
MX_GPIO_Init                                      build/gpio.o
                                                  build/main.o
MX_TIM1_Init                                      build/tim.o
                                                  build/main.o
MX_TIM3_Init                                      build/tim.o
                                                  build/main.o
MX_TIM4_Init                                      build/tim.o
                                                  build/main.o
MX_TIM5_Init                                      build/tim.o